Archive member included to satisfy reference by file (symbol)

C:/ST/STM32CubeIDE_1.13.2/STM32CubeIDE/plugins/com.st.stm32cube.ide.mcu.externaltools.gnu-tools-for-stm32.12.3.rel1.win32_1.1.0.202410251130/tools/bin/../lib/gcc/arm-none-eabi/12.3.1/../../../../arm-none-eabi/lib/thumb/v7e-m+dp/hard\libm.a(libm_a-w_atan2.o)
                              ./Core/Src/kalman.o (atan2)
C:/ST/STM32CubeIDE_1.13.2/STM32CubeIDE/plugins/com.st.stm32cube.ide.mcu.externaltools.gnu-tools-for-stm32.12.3.rel1.win32_1.1.0.202410251130/tools/bin/../lib/gcc/arm-none-eabi/12.3.1/../../../../arm-none-eabi/lib/thumb/v7e-m+dp/hard\libm.a(libm_a-w_sqrt.o)
                              ./Core/Src/kalman.o (sqrt)
C:/ST/STM32CubeIDE_1.13.2/STM32CubeIDE/plugins/com.st.stm32cube.ide.mcu.externaltools.gnu-tools-for-stm32.12.3.rel1.win32_1.1.0.202410251130/tools/bin/../lib/gcc/arm-none-eabi/12.3.1/../../../../arm-none-eabi/lib/thumb/v7e-m+dp/hard\libm.a(libm_a-wf_asin.o)
                              ./Core/Src/ahrs.o (asinf)
C:/ST/STM32CubeIDE_1.13.2/STM32CubeIDE/plugins/com.st.stm32cube.ide.mcu.externaltools.gnu-tools-for-stm32.12.3.rel1.win32_1.1.0.202410251130/tools/bin/../lib/gcc/arm-none-eabi/12.3.1/../../../../arm-none-eabi/lib/thumb/v7e-m+dp/hard\libm.a(libm_a-wf_atan2.o)
                              ./Core/Src/ahrs.o (atan2f)
C:/ST/STM32CubeIDE_1.13.2/STM32CubeIDE/plugins/com.st.stm32cube.ide.mcu.externaltools.gnu-tools-for-stm32.12.3.rel1.win32_1.1.0.202410251130/tools/bin/../lib/gcc/arm-none-eabi/12.3.1/../../../../arm-none-eabi/lib/thumb/v7e-m+dp/hard\libm.a(libm_a-wf_sqrt.o)
                              ./Core/Src/ahrs.o (sqrtf)
C:/ST/STM32CubeIDE_1.13.2/STM32CubeIDE/plugins/com.st.stm32cube.ide.mcu.externaltools.gnu-tools-for-stm32.12.3.rel1.win32_1.1.0.202410251130/tools/bin/../lib/gcc/arm-none-eabi/12.3.1/../../../../arm-none-eabi/lib/thumb/v7e-m+dp/hard\libm.a(libm_a-sf_fabs.o)
                              C:/ST/STM32CubeIDE_1.13.2/STM32CubeIDE/plugins/com.st.stm32cube.ide.mcu.externaltools.gnu-tools-for-stm32.12.3.rel1.win32_1.1.0.202410251130/tools/bin/../lib/gcc/arm-none-eabi/12.3.1/../../../../arm-none-eabi/lib/thumb/v7e-m+dp/hard\libm.a(libm_a-wf_asin.o) (fabsf)
C:/ST/STM32CubeIDE_1.13.2/STM32CubeIDE/plugins/com.st.stm32cube.ide.mcu.externaltools.gnu-tools-for-stm32.12.3.rel1.win32_1.1.0.202410251130/tools/bin/../lib/gcc/arm-none-eabi/12.3.1/../../../../arm-none-eabi/lib/thumb/v7e-m+dp/hard\libm.a(libm_a-sf_nan.o)
                              C:/ST/STM32CubeIDE_1.13.2/STM32CubeIDE/plugins/com.st.stm32cube.ide.mcu.externaltools.gnu-tools-for-stm32.12.3.rel1.win32_1.1.0.202410251130/tools/bin/../lib/gcc/arm-none-eabi/12.3.1/../../../../arm-none-eabi/lib/thumb/v7e-m+dp/hard\libm.a(libm_a-wf_asin.o) (nanf)
C:/ST/STM32CubeIDE_1.13.2/STM32CubeIDE/plugins/com.st.stm32cube.ide.mcu.externaltools.gnu-tools-for-stm32.12.3.rel1.win32_1.1.0.202410251130/tools/bin/../lib/gcc/arm-none-eabi/12.3.1/../../../../arm-none-eabi/lib/thumb/v7e-m+dp/hard\libm.a(libm_a-sf_lround.o)
                              ./Core/Src/control.o (lroundf)
C:/ST/STM32CubeIDE_1.13.2/STM32CubeIDE/plugins/com.st.stm32cube.ide.mcu.externaltools.gnu-tools-for-stm32.12.3.rel1.win32_1.1.0.202410251130/tools/bin/../lib/gcc/arm-none-eabi/12.3.1/../../../../arm-none-eabi/lib/thumb/v7e-m+dp/hard\libm.a(libm_a-e_sqrt.o)
                              C:/ST/STM32CubeIDE_1.13.2/STM32CubeIDE/plugins/com.st.stm32cube.ide.mcu.externaltools.gnu-tools-for-stm32.12.3.rel1.win32_1.1.0.202410251130/tools/bin/../lib/gcc/arm-none-eabi/12.3.1/../../../../arm-none-eabi/lib/thumb/v7e-m+dp/hard\libm.a(libm_a-w_sqrt.o) (__ieee754_sqrt)
C:/ST/STM32CubeIDE_1.13.2/STM32CubeIDE/plugins/com.st.stm32cube.ide.mcu.externaltools.gnu-tools-for-stm32.12.3.rel1.win32_1.1.0.202410251130/tools/bin/../lib/gcc/arm-none-eabi/12.3.1/../../../../arm-none-eabi/lib/thumb/v7e-m+dp/hard\libm.a(libm_a-ef_sqrt.o)
                              C:/ST/STM32CubeIDE_1.13.2/STM32CubeIDE/plugins/com.st.stm32cube.ide.mcu.externaltools.gnu-tools-for-stm32.12.3.rel1.win32_1.1.0.202410251130/tools/bin/../lib/gcc/arm-none-eabi/12.3.1/../../../../arm-none-eabi/lib/thumb/v7e-m+dp/hard\libm.a(libm_a-wf_sqrt.o) (__ieee754_sqrtf)
C:/ST/STM32CubeIDE_1.13.2/STM32CubeIDE/plugins/com.st.stm32cube.ide.mcu.externaltools.gnu-tools-for-stm32.12.3.rel1.win32_1.1.0.202410251130/tools/bin/../lib/gcc/arm-none-eabi/12.3.1/../../../../arm-none-eabi/lib/thumb/v7e-m+dp/hard\libm.a(libm_a-e_atan2.o)
                              C:/ST/STM32CubeIDE_1.13.2/STM32CubeIDE/plugins/com.st.stm32cube.ide.mcu.externaltools.gnu-tools-for-stm32.12.3.rel1.win32_1.1.0.202410251130/tools/bin/../lib/gcc/arm-none-eabi/12.3.1/../../../../arm-none-eabi/lib/thumb/v7e-m+dp/hard\libm.a(libm_a-w_atan2.o) (__ieee754_atan2)
[...]
Memory Configuration

Name             Origin             Length             Attributes
FLASH            0x08000000         0x00200000         xr
DTCMRAM          0x20000000         0x00020000         xrw
RAM_D1           0x24000000         0x00080000         xrw
RAM_D2           0x30000000         0x00048000         xrw
RAM_D3           0x38000000         0x00010000         xrw
ITCMRAM          0x00000000         0x00010000         xrw
*default*        0x00000000         0xffffffff

Linker script and memory map

LOAD C:/ST/STM32CubeIDE_1.13.2/STM32CubeIDE/plugins/com.st.stm32cube.ide.mcu.externaltools.gnu-tools-for-stm32.12.3.rel1.win32_1.1.0.202410251130/tools/bin/../lib/gcc/arm-none-eabi/12.3.1/thumb/v7e-m+dp/hard/crti.o
LOAD C:/ST/STM32CubeIDE_1.13.2/STM32CubeIDE/plugins/com.st.stm32cube.ide.mcu.externaltools.gnu-tools-for-stm32.12.3.rel1.win32_1.1.0.202410251130/tools/bin/../lib/gcc/arm-none-eabi/12.3.1/thumb/v7e-m+dp/hard/crtbegin.o
LOAD C:/ST/STM32CubeIDE_1.13.2/STM32CubeIDE/plugins/com.st.stm32cube.ide.mcu.externaltools.gnu-tools-for-stm32.12.3.rel1.win32_1.1.0.202410251130/tools/bin/../lib/gcc/arm-none-eabi/12.3.1/../../../../arm-none-eabi/lib/thumb/v7e-m+dp/hard/crt0.o
LOAD ./Core/Src/ahrs.o
LOAD ./Core/Src/control.o
LOAD ./Core/Src/crsf.o
LOAD ./Core/Src/dma.o
LOAD ./Core/Src/dps310.o
LOAD ./Core/Src/freertos.o
LOAD ./Core/Src/gpio.o
LOAD ./Core/Src/i2c.o
LOAD ./Core/Src/icm42688.o
LOAD ./Core/Src/kalman.o
LOAD ./Core/Src/main.o
LOAD ./Core/Src/memorymap.o
LOAD ./Core/Src/mixer.o
LOAD ./Core/Src/pid.o
LOAD ./Core/Src/pwm.o
LOAD ./Core/Src/spi.o
LOAD ./Core/Src/stm32h7xx_hal_msp.o
LOAD ./Core/Src/stm32h7xx_hal_timebase_tim.o
LOAD ./Core/Src/stm32h7xx_it.o
LOAD ./Core/Src/syscalls.o
LOAD ./Core/Src/sysmem.o
LOAD ./Core/Src/system_stm32h7xx.o
LOAD ./Core/Src/tim.o
LOAD ./Core/Src/usart.o
LOAD ./Core/Startup/startup_stm32h743vitx.o
LOAD ./Drivers/STM32H7xx_HAL_Driver/Src/stm32h7xx_hal.o
LOAD ./Drivers/STM32H7xx_HAL_Driver/Src/stm32h7xx_hal_cortex.o
LOAD ./Drivers/STM32H7xx_HAL_Driver/Src/stm32h7xx_hal_dma.o
LOAD ./Drivers/STM32H7xx_HAL_Driver/Src/stm32h7xx_hal_dma_ex.o
LOAD ./Drivers/STM32H7xx_HAL_Driver/Src/stm32h7xx_hal_exti.o
LOAD ./Drivers/STM32H7xx_HAL_Driver/Src/stm32h7xx_hal_flash.o
LOAD ./Drivers/STM32H7xx_HAL_Driver/Src/stm32h7xx_hal_flash_ex.o
LOAD ./Drivers/STM32H7xx_HAL_Driver/Src/stm32h7xx_hal_gpio.o
LOAD ./Drivers/STM32H7xx_HAL_Driver/Src/stm32h7xx_hal_hsem.o
LOAD ./Drivers/STM32H7xx_HAL_Driver/Src/stm32h7xx_hal_i2c.o
LOAD ./Drivers/STM32H7xx_HAL_Driver/Src/stm32h7xx_hal_i2c_ex.o
LOAD ./Drivers/STM32H7xx_HAL_Driver/Src/stm32h7xx_hal_mdma.o
LOAD ./Drivers/STM32H7xx_HAL_Driver/Src/stm32h7xx_hal_pwr.o
LOAD ./Drivers/STM32H7xx_HAL_Driver/Src/stm32h7xx_hal_pwr_ex.o
LOAD ./Drivers/STM32H7xx_HAL_Driver/Src/stm32h7xx_hal_rcc.o
LOAD ./Drivers/STM32H7xx_HAL_Driver/Src/stm32h7xx_hal_rcc_ex.o
LOAD ./Drivers/STM32H7xx_HAL_Driver/Src/stm32h7xx_hal_spi.o
LOAD ./Drivers/STM32H7xx_HAL_Driver/Src/stm32h7xx_hal_spi_ex.o
LOAD ./Drivers/STM32H7xx_HAL_Driver/Src/stm32h7xx_hal_tim.o
LOAD ./Drivers/STM32H7xx_HAL_Driver/Src/stm32h7xx_hal_tim_ex.o
LOAD ./Drivers/STM32H7xx_HAL_Driver/Src/stm32h7xx_hal_uart.o
LOAD ./Drivers/STM32H7xx_HAL_Driver/Src/stm32h7xx_hal_uart_ex.o
LOAD ./Middlewares/Third_Party/FreeRTOS/Source/CMSIS_RTOS_V2/cmsis_os2.o
LOAD ./Middlewares/Third_Party/FreeRTOS/Source/croutine.o
LOAD ./Middlewares/Third_Party/FreeRTOS/Source/event_groups.o
LOAD ./Middlewares/Third_Party/FreeRTOS/Source/list.o
LOAD ./Middlewares/Third_Party/FreeRTOS/Source/queue.o
LOAD ./Middlewares/Third_Party/FreeRTOS/Source/stream_buffer.o
LOAD ./Middlewares/Third_Party/FreeRTOS/Source/tasks.o
LOAD ./Middlewares/Third_Party/FreeRTOS/Source/timers.o
LOAD ./Middlewares/Third_Party/FreeRTOS/Source/portable/GCC/ARM_CM4F/port.o
LOAD ./Middlewares/Third_Party/FreeRTOS/Source/portable/MemMang/heap_4.o
START GROUP
LOAD C:/ST/STM32CubeIDE_1.13.2/STM32CubeIDE/plugins/com.st.stm32cube.ide.mcu.externaltools.gnu-tools-for-stm32.12.3.rel1.win32_1.1.0.202410251130/tools/bin/../lib/gcc/arm-none-eabi/12.3.1/../../../../arm-none-eabi/lib/thumb/v7e-m+dp/hard\libstdc++_nano.a
LOAD C:/ST/STM32CubeIDE_1.13.2/STM32CubeIDE/plugins/com.st.stm32cube.ide.mcu.externaltools.gnu-tools-for-stm32.12.3.rel1.win32_1.1.0.202410251130/tools/bin/../lib/gcc/arm-none-eabi/12.3.1/../../../../arm-none-eabi/lib/thumb/v7e-m+dp/hard\libsupc++_nano.a
END GROUP
LOAD C:/ST/STM32CubeIDE_1.13.2/STM32CubeIDE/plugins/com.st.stm32cube.ide.mcu.externaltools.gnu-tools-for-stm32.12.3.rel1.win32_1.1.0.202410251130/tools/bin/../lib/gcc/arm-none-eabi/12.3.1/../../../../arm-none-eabi/lib/thumb/v7e-m+dp/hard\libstdc++_nano.a
LOAD C:/ST/STM32CubeIDE_1.13.2/STM32CubeIDE/plugins/com.st.stm32cube.ide.mcu.externaltools.gnu-tools-for-stm32.12.3.rel1.win32_1.1.0.202410251130/tools/bin/../lib/gcc/arm-none-eabi/12.3.1/../../../../arm-none-eabi/lib/thumb/v7e-m+dp/hard\libm.a
LOAD C:/ST/STM32CubeIDE_1.13.2/STM32CubeIDE/plugins/com.st.stm32cube.ide.mcu.externaltools.gnu-tools-for-stm32.12.3.rel1.win32_1.1.0.202410251130/tools/bin/../lib/gcc/arm-none-eabi/12.3.1/../../../../arm-none-eabi/lib/thumb/v7e-m+dp/hard\libc_nano.a
START GROUP
LOAD C:/ST/STM32CubeIDE_1.13.2/STM32CubeIDE/plugins/com.st.stm32cube.ide.mcu.externaltools.gnu-tools-for-stm32.12.3.rel1.win32_1.1.0.202410251130/tools/bin/../lib/gcc/arm-none-eabi/12.3.1/thumb/v7e-m+dp/hard\libgcc.a
LOAD C:/ST/STM32CubeIDE_1.13.2/STM32CubeIDE/plugins/com.st.stm32cube.ide.mcu.externaltools.gnu-tools-for-stm32.12.3.rel1.win32_1.1.0.202410251130/tools/bin/../lib/gcc/arm-none-eabi/12.3.1/../../../../arm-none-eabi/lib/thumb/v7e-m+dp/hard\libg_nano.a
LOAD C:/ST/STM32CubeIDE_1.13.2/STM32CubeIDE/plugins/com.st.stm32cube.ide.mcu.externaltools.gnu-tools-for-stm32.12.3.rel1.win32_1.1.0.202410251130/tools/bin/../lib/gcc/arm-none-eabi/12.3.1/../../../../arm-none-eabi/lib/thumb/v7e-m+dp/hard\libc_nano.a
END GROUP
START GROUP
LOAD C:/ST/STM32CubeIDE_1.13.2/STM32CubeIDE/plugins/com.st.stm32cube.ide.mcu.externaltools.gnu-tools-for-stm32.12.3.rel1.win32_1.1.0.202410251130/tools/bin/../lib/gcc/arm-none-eabi/12.3.1/thumb/v7e-m+dp/hard\libgcc.a
LOAD C:/ST/STM32CubeIDE_1.13.2/STM32CubeIDE/plugins/com.st.stm32cube.ide.mcu.externaltools.gnu-tools-for-stm32.12.3.rel1.win32_1.1.0.202410251130/tools/bin/../lib/gcc/arm-none-eabi/12.3.1/../../../../arm-none-eabi/lib/thumb/v7e-m+dp/hard\libc_nano.a
LOAD C:/ST/STM32CubeIDE_1.13.2/STM32CubeIDE/plugins/com.st.stm32cube.ide.mcu.externaltools.gnu-tools-for-stm32.12.3.rel1.win32_1.1.0.202410251130/tools/bin/../lib/gcc/arm-none-eabi/12.3.1/../../../../arm-none-eabi/lib/thumb/v7e-m+dp/hard\libnosys.a
END GROUP
START GROUP
LOAD C:/ST/STM32CubeIDE_1.13.2/STM32CubeIDE/plugins/com.st.stm32cube.ide.mcu.externaltools.gnu-tools-for-stm32.12.3.rel1.win32_1.1.0.202410251130/tools/bin/../lib/gcc/arm-none-eabi/12.3.1/thumb/v7e-m+dp/hard\libgcc.a
LOAD C:/ST/STM32CubeIDE_1.13.2/STM32CubeIDE/plugins/com.st.stm32cube.ide.mcu.externaltools.gnu-tools-for-stm32.12.3.rel1.win32_1.1.0.202410251130/tools/bin/../lib/gcc/arm-none-eabi/12.3.1/../../../../arm-none-eabi/lib/thumb/v7e-m+dp/hard\libc_nano.a
LOAD C:/ST/STM32CubeIDE_1.13.2/STM32CubeIDE/plugins/com.st.stm32cube.ide.mcu.externaltools.gnu-tools-for-stm32.12.3.rel1.win32_1.1.0.202410251130/tools/bin/../lib/gcc/arm-none-eabi/12.3.1/../../../../arm-none-eabi/lib/thumb/v7e-m+dp/hard\libnosys.a
END GROUP
LOAD C:/ST/STM32CubeIDE_1.13.2/STM32CubeIDE/plugins/com.st.stm32cube.ide.mcu.externaltools.gnu-tools-for-stm32.12.3.rel1.win32_1.1.0.202410251130/tools/bin/../lib/gcc/arm-none-eabi/12.3.1/thumb/v7e-m+dp/hard/crtend.o
LOAD C:/ST/STM32CubeIDE_1.13.2/STM32CubeIDE/plugins/com.st.stm32cube.ide.mcu.externaltools.gnu-tools-for-stm32.12.3.rel1.win32_1.1.0.202410251130/tools/bin/../lib/gcc/arm-none-eabi/12.3.1/thumb/v7e-m+dp/hard/crtn.o
                0x24080000                        _estack = (ORIGIN (RAM_D1) + LENGTH (RAM_D1))
                0x00000200                        _Min_Heap_Size = 0x200
                0x00000400                        _Min_Stack_Size = 0x400

.isr_vector     0x08000000      0x298
                0x08000000                        . = ALIGN (0x4)
 *(.isr_vector)
 .isr_vector    0x08000000      0x298 ./Core/Startup/startup_stm32h743vitx.o
                0x08000000                g_pfnVectors
                0x08000298                        . = ALIGN (0x4)

.text           0x080002a0    0x11d48
                0x080002a0                        . = ALIGN (0x4)
 *(.text)
 .text          0x080002a0       0x40 C:/ST/STM32CubeIDE_1.13.2/STM32CubeIDE/plugins/com.st.stm32cube.ide.mcu.externaltools.gnu-tools-for-stm32.12.3.rel1.win32_1.1.0.202410251130/tools/bin/../lib/gcc/arm-none-eabi/12.3.1/thumb/v7e-m+dp/hard/crtbegin.o
 .text          0x080002e0       0x30 C:/ST/STM32CubeIDE_1.13.2/STM32CubeIDE/plugins/com.st.stm32cube.ide.mcu.externaltools.gnu-tools-for-stm32.12.3.rel1.win32_1.1.0.202410251130/tools/bin/../lib/gcc/arm-none-eabi/12.3.1/thumb/v7e-m+dp/hard\libgcc.a(_aeabi_uldivmod.o)
                0x080002e0                __aeabi_uldivmod
 .text          0x08000310      0x2bc C:/ST/STM32CubeIDE_1.13.2/STM32CubeIDE/plugins/com.st.stm32cube.ide.mcu.externaltools.gnu-tools-for-stm32.12.3.rel1.win32_1.1.0.202410251130/tools/bin/../lib/gcc/arm-none-eabi/12.3.1/thumb/v7e-m+dp/hard\libgcc.a(_udivmoddi4.o)
                0x08000310                __udivmoddi4
 .text          0x080005cc        0x4 C:/ST/STM32CubeIDE_1.13.2/STM32CubeIDE/plugins/com.st.stm32cube.ide.mcu.externaltools.gnu-tools-for-stm32.12.3.rel1.win32_1.1.0.202410251130/tools/bin/../lib/gcc/arm-none-eabi/12.3.1/thumb/v7e-m+dp/hard\libgcc.a(_dvmd_tls.o)
                0x080005cc                __aeabi_idiv0
                0x080005cc                __aeabi_ldiv0
 *(.text*)
 .text.invSqrtf
                0x080005d0       0x2c ./Core/Src/ahrs.o
 .text.buildRotationMatrix
                0x080005fc      0x1c6 ./Core/Src/ahrs.o
 *fill*         0x080007c2        0x2 
 .text.computeEulerAngles
                0x080007c4       0xf8 ./Core/Src/ahrs.o
 .text.updateDynamicKp
                0x080008bc       0xfc ./Core/Src/ahrs.o
 .text.ahrsInit
                0x080009b8       0xec ./Core/Src/ahrs.o
                0x080009b8                ahrsInit
 .text.ahrsUpdate
                0x08000aa4      0x508 ./Core/Src/ahrs.o
                0x08000aa4                ahrsUpdate
 .text.crsf_crc8
                0x08000fac       0x72 ./Core/Src/crsf.o
                0x08000fac                crsf_crc8
 *fill*         0x0800101e        0x2 
 .text.CRSF_SendBatteryData
                0x08001020       0x8c ./Core/Src/crsf.o
                0x08001020                CRSF_SendBatteryData
 .text.scale_channel
                0x080010ac       0x3c ./Core/Src/crsf.o
 .text.processCRSFframe
                0x080010e8      0x238 ./Core/Src/crsf.o
                0x080010e8                processCRSFframe
 .text.MX_DMA_Init
                0x08001320       0x40 ./Core/Src/dma.o
                0x08001320                MX_DMA_Init
 .text.DPS310_Init
                0x08001360      0x144 ./Core/Src/dps310.o
                0x08001360                DPS310_Init
 .text.DPS310_SoftReset
                0x080014a4       0x36 ./Core/Src/dps310.o
                0x080014a4                DPS310_SoftReset
 .text.DPS310_SetMode
                0x080014da       0x88 ./Core/Src/dps310.o
                0x080014da                DPS310_SetMode
 .text.DPS310_ReadTempAndPressure
                0x08001562       0x7c ./Core/Src/dps310.o
                0x08001562                DPS310_ReadTempAndPressure
 .text.dps310_read_coeffs
                0x080015de      0x170 ./Core/Src/dps310.o
 .text.dps310_get_raw
                0x0800174e       0x66 ./Core/Src/dps310.o
 .text.dps310_compensate_temperature
                0x080017b4       0x60 ./Core/Src/dps310.o
 .text.dps310_compensate_pressure
                0x08001814      0x134 ./Core/Src/dps310.o
 .text.MX_FREERTOS_Init
                0x08001948       0xcc ./Core/Src/freertos.o
                0x08001948                MX_FREERTOS_Init
 *fill*         0x08001a14        0x4 
 .text.StartIMUTask
                0x08001a18      0x1c8 ./Core/Src/freertos.o
                0x08001a18                StartIMUTask
 .text.StartBaroTask
                0x08001be0       0x1c ./Core/Src/freertos.o
                0x08001be0                StartBaroTask
 .text.StartKalmanTask
                0x08001bfc       0xe0 ./Core/Src/freertos.o
                0x08001bfc                StartKalmanTask
 .text.StartCSRFTask
                0x08001cdc       0x2c ./Core/Src/freertos.o
                0x08001cdc                StartCSRFTask
 .text.StartTelemetryTask
                0x08001d08       0x34 ./Core/Src/freertos.o
                0x08001d08                StartTelemetryTask
 .text.StartServoTask
                0x08001d3c       0x30 ./Core/Src/freertos.o
                0x08001d3c                StartServoTask
 .text.StartStatusLedTask
                0x08001d6c       0x20 ./Core/Src/freertos.o
                0x08001d6c                StartStatusLedTask
 .text.MX_GPIO_Init
                0x08001d8c      0x104 ./Core/Src/gpio.o
                0x08001d8c                MX_GPIO_Init
 .text.MX_I2C2_Init
                0x08001e90       0x80 ./Core/Src/i2c.o
                0x08001e90                MX_I2C2_Init
 .text.HAL_I2C_MspInit
                0x08001f10       0xd4 ./Core/Src/i2c.o
                0x08001f10                HAL_I2C_MspInit
 .text.ICM42688_Select
                0x08001fe4       0x20 ./Core/Src/icm42688.o
 .text.ICM42688_Deselect
                0x08002004       0x20 ./Core/Src/icm42688.o
 .text.ICM42688_WriteReg
                0x08002024       0x48 ./Core/Src/icm42688.o
 .text.ICM42688_ReadReg
                0x0800206c       0x6c ./Core/Src/icm42688.o
 .text.ICM42688_ReadRegs
                0x080020d8       0x6a ./Core/Src/icm42688.o
 .text.ICM42688_RMW
                0x08002142       0x70 ./Core/Src/icm42688.o
 .text.ICM42688_Init
                0x080021b2       0xe6 ./Core/Src/icm42688.o
                0x080021b2                ICM42688_Init
 .text.ICM42688_WhoAmI
                0x08002298       0x1e ./Core/Src/icm42688.o
                0x08002298                ICM42688_WhoAmI
 .text.ICM42688_GetSensorData
                0x080022b6       0xae ./Core/Src/icm42688.o
                0x080022b6                ICM42688_GetSensorData
 .text.ICM42688_SetAccelConfig
                0x08002364       0x44 ./Core/Src/icm42688.o
                0x08002364                ICM42688_SetAccelConfig
 .text.ICM42688_SetGyroConfig
                0x080023a8       0x44 ./Core/Src/icm42688.o
                0x080023a8                ICM42688_SetGyroConfig
 .text.ICM42688_SetAccelFilter
                0x080023ec       0x28 ./Core/Src/icm42688.o
                0x080023ec                ICM42688_SetAccelFilter
 .text.ICM42688_SetGyroFilter
                0x08002414       0x28 ./Core/Src/icm42688.o
                0x08002414                ICM42688_SetGyroFilter
 .text.main     0x0800243c      0x148 ./Core/Src/main.o
                0x0800243c                main
 .text.SystemClock_Config
                0x08002584       0xf4 ./Core/Src/main.o
                0x08002584                SystemClock_Config
 .text.HAL_UART_TxCpltCallback
                0x08002678       0x14 ./Core/Src/main.o
                0x08002678                HAL_UART_TxCpltCallback
 .text.HAL_UARTEx_RxEventCallback
                0x0800268c       0xc0 ./Core/Src/main.o
                0x0800268c                HAL_UARTEx_RxEventCallback
 .text.MPU_Config
                0x0800274c       0x58 ./Core/Src/main.o
 .text.HAL_TIM_PeriodElapsedCallback
                0x080027a4       0x24 ./Core/Src/main.o
                0x080027a4                HAL_TIM_PeriodElapsedCallback
 .text.Error_Handler
                0x080027c8        0xc ./Core/Src/main.o
                0x080027c8                Error_Handler
 .text.startPWM
                0x080027d4       0x64 ./Core/Src/pwm.o
                0x080027d4                startPWM
 .text.MX_SPI4_Init
                0x08002838       0xac ./Core/Src/spi.o
                0x08002838                MX_SPI4_Init
 .text.HAL_SPI_MspInit
                0x080028e4       0xd0 ./Core/Src/spi.o
                0x080028e4                HAL_SPI_MspInit
 .text.HAL_MspInit
                0x080029b4       0x3c ./Core/Src/stm32h7xx_hal_msp.o
                0x080029b4                HAL_MspInit
 .text.HAL_InitTick
                0x080029f0       0xd8 ./Core/Src/stm32h7xx_hal_timebase_tim.o
                0x080029f0                HAL_InitTick
 .text.NMI_Handler
                0x08002ac8        0x8 ./Core/Src/stm32h7xx_it.o
                0x08002ac8                NMI_Handler
 .text.HardFault_Handler
                0x08002ad0        0x8 ./Core/Src/stm32h7xx_it.o
                0x08002ad0                HardFault_Handler
 .text.MemManage_Handler
                0x08002ad8        0x8 ./Core/Src/stm32h7xx_it.o
                0x08002ad8                MemManage_Handler
 .text.BusFault_Handler
                0x08002ae0        0x8 ./Core/Src/stm32h7xx_it.o
                0x08002ae0                BusFault_Handler
 .text.UsageFault_Handler
                0x08002ae8        0x8 ./Core/Src/stm32h7xx_it.o
                0x08002ae8                UsageFault_Handler
 .text.DebugMon_Handler
                0x08002af0        0xe ./Core/Src/stm32h7xx_it.o
                0x08002af0                DebugMon_Handler
 *fill*         0x08002afe        0x2 
 .text.TIM6_DAC_IRQHandler
                0x08002b00       0x14 ./Core/Src/stm32h7xx_it.o
                0x08002b00                TIM6_DAC_IRQHandler
 .text.DMA2_Stream1_IRQHandler
                0x08002b14       0x14 ./Core/Src/stm32h7xx_it.o
                0x08002b14                DMA2_Stream1_IRQHandler
 .text.USART6_IRQHandler
                0x08002b28       0x14 ./Core/Src/stm32h7xx_it.o
                0x08002b28                USART6_IRQHandler
 .text.SystemInit
                0x08002b3c      0x140 ./Core/Src/system_stm32h7xx.o
                0x08002b3c                SystemInit
 .text.ExitRun0Mode
                0x08002c7c       0x30 ./Core/Src/system_stm32h7xx.o
                0x08002c7c                ExitRun0Mode
 .text.MX_TIM2_Init
                0x08002cac      0x130 ./Core/Src/tim.o
                0x08002cac                MX_TIM2_Init
 .text.MX_TIM3_Init
                0x08002ddc      0x108 ./Core/Src/tim.o
                0x08002ddc                MX_TIM3_Init
 .text.MX_TIM4_Init
                0x08002ee4      0x134 ./Core/Src/tim.o
                0x08002ee4                MX_TIM4_Init
 .text.MX_TIM14_Init
                0x08003018       0x48 ./Core/Src/tim.o
                0x08003018                MX_TIM14_Init
 .text.MX_TIM15_Init
                0x08003060      0x160 ./Core/Src/tim.o
                0x08003060                MX_TIM15_Init
 .text.HAL_TIM_Base_MspInit
                0x080031c0       0xf8 ./Core/Src/tim.o
                0x080031c0                HAL_TIM_Base_MspInit
 .text.HAL_TIM_MspPostInit
                0x080032b8      0x168 ./Core/Src/tim.o
                0x080032b8                HAL_TIM_MspPostInit
 .text.MX_UART4_Init
                0x08003420       0x98 ./Core/Src/usart.o
                0x08003420                MX_UART4_Init
 .text.MX_USART1_UART_Init
                0x080034b8       0x98 ./Core/Src/usart.o
                0x080034b8                MX_USART1_UART_Init
 .text.MX_USART2_UART_Init
                0x08003550       0x98 ./Core/Src/usart.o
                0x08003550                MX_USART2_UART_Init
 .text.MX_USART6_UART_Init
                0x080035e8       0x9c ./Core/Src/usart.o
                0x080035e8                MX_USART6_UART_Init
 .text.HAL_UART_MspInit
                0x08003684      0x32c ./Core/Src/usart.o
                0x08003684                HAL_UART_MspInit
 .text.Reset_Handler
                0x080039b0       0x54 ./Core/Startup/startup_stm32h743vitx.o
                0x080039b0                Reset_Handler
 .text.Default_Handler
                0x08003a04        0x2 ./Core/Startup/startup_stm32h743vitx.o
                0x08003a04                RTC_Alarm_IRQHandler
                0x08003a04                EXTI2_IRQHandler
                0x08003a04                TIM8_CC_IRQHandler
                0x08003a04                HRTIM1_Master_IRQHandler
                0x08003a04                UART8_IRQHandler
                0x08003a04                SPI4_IRQHandler
                0x08003a04                TIM1_CC_IRQHandler
                0x08003a04                BDMA_Channel6_IRQHandler
                0x08003a04                DMA2_Stream5_IRQHandler
                0x08003a04                HRTIM1_FLT_IRQHandler
                0x08003a04                JPEG_IRQHandler
                0x08003a04                DMA1_Stream5_IRQHandler
                0x08003a04                BDMA_Channel1_IRQHandler
                0x08003a04                HRTIM1_TIMD_IRQHandler
                0x08003a04                TAMP_STAMP_IRQHandler
                0x08003a04                EXTI3_IRQHandler
                0x08003a04                LPTIM4_IRQHandler
                0x08003a04                TIM8_TRG_COM_TIM14_IRQHandler
                0x08003a04                LPTIM2_IRQHandler
                0x08003a04                DFSDM1_FLT1_IRQHandler
                0x08003a04                DMAMUX2_OVR_IRQHandler
                0x08003a04                TIM8_UP_TIM13_IRQHandler
                0x08003a04                I2C3_ER_IRQHandler
                0x08003a04                DFSDM1_FLT2_IRQHandler
                0x08003a04                MDMA_IRQHandler
                0x08003a04                LPTIM3_IRQHandler
                0x08003a04                HSEM1_IRQHandler
                0x08003a04                EXTI0_IRQHandler
                0x08003a04                I2C2_EV_IRQHandler
                0x08003a04                DMA1_Stream2_IRQHandler
                0x08003a04                FPU_IRQHandler
                0x08003a04                OTG_HS_WKUP_IRQHandler
                0x08003a04                FDCAN1_IT1_IRQHandler
                0x08003a04                LTDC_ER_IRQHandler
                0x08003a04                DMA2_Stream2_IRQHandler
                0x08003a04                HRTIM1_TIME_IRQHandler
                0x08003a04                SPI1_IRQHandler
                0x08003a04                DCMI_IRQHandler
                0x08003a04                HRTIM1_TIMC_IRQHandler
                0x08003a04                DMA2_Stream3_IRQHandler
                0x08003a04                SAI2_IRQHandler
                0x08003a04                DFSDM1_FLT3_IRQHandler
                0x08003a04                TIM17_IRQHandler
                0x08003a04                USART3_IRQHandler
                0x08003a04                BDMA_Channel7_IRQHandler
                0x08003a04                LPTIM5_IRQHandler
                0x08003a04                UART5_IRQHandler
                0x08003a04                ADC3_IRQHandler
                0x08003a04                DMA2_Stream0_IRQHandler
                0x08003a04                TIM4_IRQHandler
                0x08003a04                BDMA_Channel2_IRQHandler
                0x08003a04                QUADSPI_IRQHandler
                0x08003a04                I2C1_EV_IRQHandler
                0x08003a04                DMA1_Stream6_IRQHandler
                0x08003a04                DMAMUX1_OVR_IRQHandler
                0x08003a04                DMA1_Stream1_IRQHandler
                0x08003a04                TIM16_IRQHandler
                0x08003a04                UART4_IRQHandler
                0x08003a04                BDMA_Channel5_IRQHandler
                0x08003a04                TIM3_IRQHandler
                0x08003a04                RCC_IRQHandler
                0x08003a04                TIM8_BRK_TIM12_IRQHandler
                0x08003a04                TIM1_TRG_COM_IRQHandler
                0x08003a04                Default_Handler
                0x08003a04                ECC_IRQHandler
                0x08003a04                CEC_IRQHandler
                0x08003a04                EXTI15_10_IRQHandler
                0x08003a04                BDMA_Channel0_IRQHandler
                0x08003a04                ADC_IRQHandler
                0x08003a04                DMA1_Stream7_IRQHandler
                0x08003a04                HRTIM1_TIMA_IRQHandler
                0x08003a04                SPI5_IRQHandler
                0x08003a04                TIM7_IRQHandler
                0x08003a04                SDMMC1_IRQHandler
                0x08003a04                TIM5_IRQHandler
                0x08003a04                DMA2_Stream7_IRQHandler
                0x08003a04                TIM15_IRQHandler
                0x08003a04                PVD_AVD_IRQHandler
                0x08003a04                I2C3_EV_IRQHandler
                0x08003a04                EXTI9_5_IRQHandler
                0x08003a04                RTC_WKUP_IRQHandler
                0x08003a04                LTDC_IRQHandler
                0x08003a04                SAI3_IRQHandler
                0x08003a04                ETH_WKUP_IRQHandler
                0x08003a04                SPDIF_RX_IRQHandler
                0x08003a04                SPI2_IRQHandler
                0x08003a04                OTG_HS_EP1_IN_IRQHandler
                0x08003a04                DMA1_Stream0_IRQHandler
                0x08003a04                CRS_IRQHandler
                0x08003a04                EXTI4_IRQHandler
                0x08003a04                RNG_IRQHandler
                0x08003a04                HRTIM1_TIMB_IRQHandler
                0x08003a04                FDCAN2_IT1_IRQHandler
                0x08003a04                ETH_IRQHandler
                0x08003a04                TIM1_UP_IRQHandler
                0x08003a04                BDMA_Channel4_IRQHandler
                0x08003a04                OTG_HS_EP1_OUT_IRQHandler
                0x08003a04                WWDG_IRQHandler
                0x08003a04                SPI6_IRQHandler
                0x08003a04                MDIOS_IRQHandler
                0x08003a04                I2C4_EV_IRQHandler
                0x08003a04                FDCAN2_IT0_IRQHandler
                0x08003a04                LPUART1_IRQHandler
                0x08003a04                FDCAN1_IT0_IRQHandler
                0x08003a04                TIM2_IRQHandler
                0x08003a04                OTG_FS_WKUP_IRQHandler
                0x08003a04                OTG_HS_IRQHandler
                0x08003a04                DMA2D_IRQHandler
                0x08003a04                TIM1_BRK_IRQHandler
                0x08003a04                EXTI1_IRQHandler
                0x08003a04                SDMMC2_IRQHandler
                0x08003a04                OTG_FS_EP1_OUT_IRQHandler
                0x08003a04                BDMA_Channel3_IRQHandler
                0x08003a04                UART7_IRQHandler
                0x08003a04                MDIOS_WKUP_IRQHandler
                0x08003a04                USART2_IRQHandler
                0x08003a04                DFSDM1_FLT0_IRQHandler
                0x08003a04                SAI4_IRQHandler
                0x08003a04                I2C2_ER_IRQHandler
                0x08003a04                FLASH_IRQHandler
                0x08003a04                DMA2_Stream4_IRQHandler
                0x08003a04                USART1_IRQHandler
                0x08003a04                OTG_FS_IRQHandler
                0x08003a04                SPI3_IRQHandler
                0x08003a04                WAKEUP_PIN_IRQHandler
                0x08003a04                DMA1_Stream4_IRQHandler
                0x08003a04                OTG_FS_EP1_IN_IRQHandler
                0x08003a04                I2C1_ER_IRQHandler
                0x08003a04                FMC_IRQHandler
                0x08003a04                FDCAN_CAL_IRQHandler
                0x08003a04                SWPMI1_IRQHandler
                0x08003a04                COMP1_IRQHandler
                0x08003a04                LPTIM1_IRQHandler
                0x08003a04                I2C4_ER_IRQHandler
                0x08003a04                DMA2_Stream6_IRQHandler
                0x08003a04                SAI1_IRQHandler
                0x08003a04                DMA1_Stream3_IRQHandler
 *fill*         0x08003a06        0x2 
 .text.HAL_Init
                0x08003a08       0x78 ./Drivers/STM32H7xx_HAL_Driver/Src/stm32h7xx_hal.o
                0x08003a08                HAL_Init
 .text.HAL_IncTick
                0x08003a80       0x28 ./Drivers/STM32H7xx_HAL_Driver/Src/stm32h7xx_hal.o
                0x08003a80                HAL_IncTick
 .text.HAL_GetTick
                0x08003aa8       0x18 ./Drivers/STM32H7xx_HAL_Driver/Src/stm32h7xx_hal.o
                0x08003aa8                HAL_GetTick
 .text.HAL_Delay
                0x08003ac0       0x48 ./Drivers/STM32H7xx_HAL_Driver/Src/stm32h7xx_hal.o
                0x08003ac0                HAL_Delay
 .text.HAL_GetREVID
                0x08003b08       0x18 ./Drivers/STM32H7xx_HAL_Driver/Src/stm32h7xx_hal.o
                0x08003b08                HAL_GetREVID
 .text.__NVIC_SetPriorityGrouping
                0x08003b20       0x48 ./Drivers/STM32H7xx_HAL_Driver/Src/stm32h7xx_hal_cortex.o
 .text.__NVIC_GetPriorityGrouping
                0x08003b68       0x1c ./Drivers/STM32H7xx_HAL_Driver/Src/stm32h7xx_hal_cortex.o
 .text.__NVIC_EnableIRQ
                0x08003b84       0x3c ./Drivers/STM32H7xx_HAL_Driver/Src/stm32h7xx_hal_cortex.o
 .text.__NVIC_SetPriority
                0x08003bc0       0x54 ./Drivers/STM32H7xx_HAL_Driver/Src/stm32h7xx_hal_cortex.o
 .text.NVIC_EncodePriority
                0x08003c14       0x66 ./Drivers/STM32H7xx_HAL_Driver/Src/stm32h7xx_hal_cortex.o
 .text.HAL_NVIC_SetPriorityGrouping
                0x08003c7a       0x16 ./Drivers/STM32H7xx_HAL_Driver/Src/stm32h7xx_hal_cortex.o
                0x08003c7a                HAL_NVIC_SetPriorityGrouping
 .text.HAL_NVIC_SetPriority
                0x08003c90       0x34 ./Drivers/STM32H7xx_HAL_Driver/Src/stm32h7xx_hal_cortex.o
                0x08003c90                HAL_NVIC_SetPriority
 .text.HAL_NVIC_EnableIRQ
                0x08003cc4       0x1c ./Drivers/STM32H7xx_HAL_Driver/Src/stm32h7xx_hal_cortex.o
                0x08003cc4                HAL_NVIC_EnableIRQ
 .text.HAL_MPU_Disable
                0x08003ce0       0x30 ./Drivers/STM32H7xx_HAL_Driver/Src/stm32h7xx_hal_cortex.o
                0x08003ce0                HAL_MPU_Disable
 .text.HAL_MPU_Enable
                0x08003d10       0x40 ./Drivers/STM32H7xx_HAL_Driver/Src/stm32h7xx_hal_cortex.o
                0x08003d10                HAL_MPU_Enable
 .text.HAL_MPU_ConfigRegion
                0x08003d50       0x80 ./Drivers/STM32H7xx_HAL_Driver/Src/stm32h7xx_hal_cortex.o
                0x08003d50                HAL_MPU_ConfigRegion
 .text.HAL_DMA_Init
                0x08003dd0      0x6b8 ./Drivers/STM32H7xx_HAL_Driver/Src/stm32h7xx_hal_dma.o
                0x08003dd0                HAL_DMA_Init
 .text.HAL_DMA_Start_IT
                0x08004488      0x4d4 ./Drivers/STM32H7xx_HAL_Driver/Src/stm32h7xx_hal_dma.o
                0x08004488                HAL_DMA_Start_IT
 .text.HAL_DMA_Abort
                0x0800495c      0x63c ./Drivers/STM32H7xx_HAL_Driver/Src/stm32h7xx_hal_dma.o
                0x0800495c                HAL_DMA_Abort
 .text.HAL_DMA_Abort_IT
                0x08004f98      0x48c ./Drivers/STM32H7xx_HAL_Driver/Src/stm32h7xx_hal_dma.o
                0x08004f98                HAL_DMA_Abort_IT
 .text.HAL_DMA_IRQHandler
                0x08005424      0xe54 ./Drivers/STM32H7xx_HAL_Driver/Src/stm32h7xx_hal_dma.o
                0x08005424                HAL_DMA_IRQHandler
 .text.DMA_SetConfig
                0x08006278      0x358 ./Drivers/STM32H7xx_HAL_Driver/Src/stm32h7xx_hal_dma.o
 .text.DMA_CalcBaseAndBitshift
                0x080065d0      0x164 ./Drivers/STM32H7xx_HAL_Driver/Src/stm32h7xx_hal_dma.o
 .text.DMA_CheckFifoParam
                0x08006734       0xf8 ./Drivers/STM32H7xx_HAL_Driver/Src/stm32h7xx_hal_dma.o
 .text.DMA_CalcDMAMUXChannelBaseAndMask
                0x0800682c      0x134 ./Drivers/STM32H7xx_HAL_Driver/Src/stm32h7xx_hal_dma.o
 .text.DMA_CalcDMAMUXRequestGenBaseAndMask
                0x08006960       0xe8 ./Drivers/STM32H7xx_HAL_Driver/Src/stm32h7xx_hal_dma.o
 .text.HAL_GPIO_Init
                0x08006a48      0x360 ./Drivers/STM32H7xx_HAL_Driver/Src/stm32h7xx_hal_gpio.o
                0x08006a48                HAL_GPIO_Init
 .text.HAL_GPIO_WritePin
                0x08006da8       0x32 ./Drivers/STM32H7xx_HAL_Driver/Src/stm32h7xx_hal_gpio.o
                0x08006da8                HAL_GPIO_WritePin
 .text.HAL_GPIO_TogglePin
                0x08006dda       0x34 ./Drivers/STM32H7xx_HAL_Driver/Src/stm32h7xx_hal_gpio.o
                0x08006dda                HAL_GPIO_TogglePin
 *fill*         0x08006e0e        0x2 
 .text.HAL_I2C_Init
                0x08006e10      0x138 ./Drivers/STM32H7xx_HAL_Driver/Src/stm32h7xx_hal_i2c.o
                0x08006e10                HAL_I2C_Init
 .text.HAL_I2C_Mem_Write
                0x08006f48      0x228 ./Drivers/STM32H7xx_HAL_Driver/Src/stm32h7xx_hal_i2c.o
                0x08006f48                HAL_I2C_Mem_Write
 .text.HAL_I2C_Mem_Read
                0x08007170      0x234 ./Drivers/STM32H7xx_HAL_Driver/Src/stm32h7xx_hal_i2c.o
                0x08007170                HAL_I2C_Mem_Read
 .text.I2C_RequestMemoryWrite
                0x080073a4       0xa8 ./Drivers/STM32H7xx_HAL_Driver/Src/stm32h7xx_hal_i2c.o
 .text.I2C_RequestMemoryRead
                0x0800744c       0xa8 ./Drivers/STM32H7xx_HAL_Driver/Src/stm32h7xx_hal_i2c.o
 .text.I2C_Flush_TXDR
                0x080074f4       0x48 ./Drivers/STM32H7xx_HAL_Driver/Src/stm32h7xx_hal_i2c.o
 .text.I2C_WaitOnFlagUntilTimeout
                0x0800753c       0xb2 ./Drivers/STM32H7xx_HAL_Driver/Src/stm32h7xx_hal_i2c.o
 .text.I2C_WaitOnTXISFlagUntilTimeout
                0x080075ee       0x8e ./Drivers/STM32H7xx_HAL_Driver/Src/stm32h7xx_hal_i2c.o
 .text.I2C_WaitOnSTOPFlagUntilTimeout
                0x0800767c       0x86 ./Drivers/STM32H7xx_HAL_Driver/Src/stm32h7xx_hal_i2c.o
 *fill*         0x08007702        0x2 
 .text.I2C_IsErrorOccurred
                0x08007704      0x1c0 ./Drivers/STM32H7xx_HAL_Driver/Src/stm32h7xx_hal_i2c.o
 .text.I2C_TransferConfig
                0x080078c4       0x64 ./Drivers/STM32H7xx_HAL_Driver/Src/stm32h7xx_hal_i2c.o
 .text.HAL_I2CEx_ConfigAnalogFilter
                0x08007928       0x96 ./Drivers/STM32H7xx_HAL_Driver/Src/stm32h7xx_hal_i2c_ex.o
                0x08007928                HAL_I2CEx_ConfigAnalogFilter
 .text.HAL_I2CEx_ConfigDigitalFilter
                0x080079be       0x98 ./Drivers/STM32H7xx_HAL_Driver/Src/stm32h7xx_hal_i2c_ex.o
                0x080079be                HAL_I2CEx_ConfigDigitalFilter
 *fill*         0x08007a56        0x2 
 .text.HAL_PWREx_ConfigSupply
                0x08007a58       0x74 ./Drivers/STM32H7xx_HAL_Driver/Src/stm32h7xx_hal_pwr_ex.o
                0x08007a58                HAL_PWREx_ConfigSupply
 .text.HAL_RCC_OscConfig
                0x08007acc      0x8b4 ./Drivers/STM32H7xx_HAL_Driver/Src/stm32h7xx_hal_rcc.o
                0x08007acc                HAL_RCC_OscConfig
 .text.HAL_RCC_ClockConfig
                0x08008380      0x36c ./Drivers/STM32H7xx_HAL_Driver/Src/stm32h7xx_hal_rcc.o
                0x08008380                HAL_RCC_ClockConfig
 .text.HAL_RCC_GetSysClockFreq
                0x080086ec      0x2f4 ./Drivers/STM32H7xx_HAL_Driver/Src/stm32h7xx_hal_rcc.o
                0x080086ec                HAL_RCC_GetSysClockFreq
 .text.HAL_RCC_GetHCLKFreq
                0x080089e0       0x60 ./Drivers/STM32H7xx_HAL_Driver/Src/stm32h7xx_hal_rcc.o
                0x080089e0                HAL_RCC_GetHCLKFreq
 .text.HAL_RCC_GetPCLK1Freq
                0x08008a40       0x2c ./Drivers/STM32H7xx_HAL_Driver/Src/stm32h7xx_hal_rcc.o
                0x08008a40                HAL_RCC_GetPCLK1Freq
 .text.HAL_RCC_GetPCLK2Freq
                0x08008a6c       0x2c ./Drivers/STM32H7xx_HAL_Driver/Src/stm32h7xx_hal_rcc.o
                0x08008a6c                HAL_RCC_GetPCLK2Freq
 .text.HAL_RCC_GetClockConfig
                0x08008a98       0x84 ./Drivers/STM32H7xx_HAL_Driver/Src/stm32h7xx_hal_rcc.o
                0x08008a98                HAL_RCC_GetClockConfig
 .text.HAL_RCCEx_PeriphCLKConfig
                0x08008b1c     0x1414 ./Drivers/STM32H7xx_HAL_Driver/Src/stm32h7xx_hal_rcc_ex.o
                0x08008b1c                HAL_RCCEx_PeriphCLKConfig
 .text.HAL_RCCEx_GetD3PCLK1Freq
                0x08009f30       0x2c ./Drivers/STM32H7xx_HAL_Driver/Src/stm32h7xx_hal_rcc_ex.o
                0x08009f30                HAL_RCCEx_GetD3PCLK1Freq
 .text.HAL_RCCEx_GetPLL2ClockFreq
                0x08009f5c      0x2a8 ./Drivers/STM32H7xx_HAL_Driver/Src/stm32h7xx_hal_rcc_ex.o
                0x08009f5c                HAL_RCCEx_GetPLL2ClockFreq
 .text.HAL_RCCEx_GetPLL3ClockFreq
                0x0800a204      0x2a8 ./Drivers/STM32H7xx_HAL_Driver/Src/stm32h7xx_hal_rcc_ex.o
                0x0800a204                HAL_RCCEx_GetPLL3ClockFreq
 .text.RCCEx_PLL2_Config
                0x0800a4ac      0x164 ./Drivers/STM32H7xx_HAL_Driver/Src/stm32h7xx_hal_rcc_ex.o
 .text.RCCEx_PLL3_Config
                0x0800a610      0x164 ./Drivers/STM32H7xx_HAL_Driver/Src/stm32h7xx_hal_rcc_ex.o
 .text.HAL_SPI_Init
                0x0800a774      0x248 ./Drivers/STM32H7xx_HAL_Driver/Src/stm32h7xx_hal_spi.o
                0x0800a774                HAL_SPI_Init
 .text.HAL_SPI_Transmit
                0x0800a9bc      0x3dc ./Drivers/STM32H7xx_HAL_Driver/Src/stm32h7xx_hal_spi.o
                0x0800a9bc                HAL_SPI_Transmit
 .text.HAL_SPI_Receive
                0x0800ad98      0x4e4 ./Drivers/STM32H7xx_HAL_Driver/Src/stm32h7xx_hal_spi.o
                0x0800ad98                HAL_SPI_Receive
 .text.SPI_CloseTransfer
                0x0800b27c      0x140 ./Drivers/STM32H7xx_HAL_Driver/Src/stm32h7xx_hal_spi.o
 .text.SPI_WaitOnFlagUntilTimeout
                0x0800b3bc       0x5c ./Drivers/STM32H7xx_HAL_Driver/Src/stm32h7xx_hal_spi.o
 .text.SPI_GetPacketSize
                0x0800b418       0x36 ./Drivers/STM32H7xx_HAL_Driver/Src/stm32h7xx_hal_spi.o
 .text.HAL_TIM_Base_Init
                0x0800b44e       0xae ./Drivers/STM32H7xx_HAL_Driver/Src/stm32h7xx_hal_tim.o
                0x0800b44e                HAL_TIM_Base_Init
 .text.HAL_TIM_Base_Start_IT
                0x0800b4fc       0xf0 ./Drivers/STM32H7xx_HAL_Driver/Src/stm32h7xx_hal_tim.o
                0x0800b4fc                HAL_TIM_Base_Start_IT
 .text.HAL_TIM_PWM_Init
                0x0800b5ec       0xae ./Drivers/STM32H7xx_HAL_Driver/Src/stm32h7xx_hal_tim.o
                0x0800b5ec                HAL_TIM_PWM_Init
 .text.HAL_TIM_PWM_MspInit
                0x0800b69a       0x14 ./Drivers/STM32H7xx_HAL_Driver/Src/stm32h7xx_hal_tim.o
                0x0800b69a                HAL_TIM_PWM_MspInit
 *fill*         0x0800b6ae        0x2 
 .text.HAL_TIM_PWM_Start
                0x0800b6b0      0x21c ./Drivers/STM32H7xx_HAL_Driver/Src/stm32h7xx_hal_tim.o
                0x0800b6b0                HAL_TIM_PWM_Start
 .text.HAL_TIM_IRQHandler
                0x0800b8cc      0x20e ./Drivers/STM32H7xx_HAL_Driver/Src/stm32h7xx_hal_tim.o
                0x0800b8cc                HAL_TIM_IRQHandler
 *fill*         0x0800bada        0x2 
 .text.HAL_TIM_PWM_ConfigChannel
                0x0800badc      0x228 ./Drivers/STM32H7xx_HAL_Driver/Src/stm32h7xx_hal_tim.o
                0x0800badc                HAL_TIM_PWM_ConfigChannel
 .text.HAL_TIM_ConfigClockSource
                0x0800bd04      0x1f0 ./Drivers/STM32H7xx_HAL_Driver/Src/stm32h7xx_hal_tim.o
                0x0800bd04                HAL_TIM_ConfigClockSource
 .text.HAL_TIM_OC_DelayElapsedCallback
                0x0800bef4       0x14 ./Drivers/STM32H7xx_HAL_Driver/Src/stm32h7xx_hal_tim.o
                0x0800bef4                HAL_TIM_OC_DelayElapsedCallback
 .text.HAL_TIM_IC_CaptureCallback
                0x0800bf08       0x14 ./Drivers/STM32H7xx_HAL_Driver/Src/stm32h7xx_hal_tim.o
                0x0800bf08                HAL_TIM_IC_CaptureCallback
 .text.HAL_TIM_PWM_PulseFinishedCallback
                0x0800bf1c       0x14 ./Drivers/STM32H7xx_HAL_Driver/Src/stm32h7xx_hal_tim.o
                0x0800bf1c                HAL_TIM_PWM_PulseFinishedCallback
 .text.HAL_TIM_TriggerCallback
                0x0800bf30       0x14 ./Drivers/STM32H7xx_HAL_Driver/Src/stm32h7xx_hal_tim.o
                0x0800bf30                HAL_TIM_TriggerCallback
 .text.TIM_Base_SetConfig
                0x0800bf44      0x140 ./Drivers/STM32H7xx_HAL_Driver/Src/stm32h7xx_hal_tim.o
                0x0800bf44                TIM_Base_SetConfig
 .text.TIM_OC1_SetConfig
                0x0800c084      0x120 ./Drivers/STM32H7xx_HAL_Driver/Src/stm32h7xx_hal_tim.o
 .text.TIM_OC2_SetConfig
                0x0800c1a4      0x114 ./Drivers/STM32H7xx_HAL_Driver/Src/stm32h7xx_hal_tim.o
                0x0800c1a4                TIM_OC2_SetConfig
 .text.TIM_OC3_SetConfig
                0x0800c2b8      0x110 ./Drivers/STM32H7xx_HAL_Driver/Src/stm32h7xx_hal_tim.o
 .text.TIM_OC4_SetConfig
                0x0800c3c8       0xd4 ./Drivers/STM32H7xx_HAL_Driver/Src/stm32h7xx_hal_tim.o
 .text.TIM_OC5_SetConfig
                0x0800c49c       0xc8 ./Drivers/STM32H7xx_HAL_Driver/Src/stm32h7xx_hal_tim.o
 .text.TIM_OC6_SetConfig
                0x0800c564       0xcc ./Drivers/STM32H7xx_HAL_Driver/Src/stm32h7xx_hal_tim.o
 .text.TIM_TI1_ConfigInputStage
                0x0800c630       0x5e ./Drivers/STM32H7xx_HAL_Driver/Src/stm32h7xx_hal_tim.o
 .text.TIM_TI2_ConfigInputStage
                0x0800c68e       0x60 ./Drivers/STM32H7xx_HAL_Driver/Src/stm32h7xx_hal_tim.o
 *fill*         0x0800c6ee        0x2 
 .text.TIM_ITRx_SetConfig
                0x0800c6f0       0x3c ./Drivers/STM32H7xx_HAL_Driver/Src/stm32h7xx_hal_tim.o
 .text.TIM_ETR_SetConfig
                0x0800c72c       0x40 ./Drivers/STM32H7xx_HAL_Driver/Src/stm32h7xx_hal_tim.o
                0x0800c72c                TIM_ETR_SetConfig
 .text.TIM_CCxChannelCmd
                0x0800c76c       0x4a ./Drivers/STM32H7xx_HAL_Driver/Src/stm32h7xx_hal_tim.o
                0x0800c76c                TIM_CCxChannelCmd
 *fill*         0x0800c7b6        0x2 
 .text.HAL_TIMEx_MasterConfigSynchronization
                0x0800c7b8      0x11c ./Drivers/STM32H7xx_HAL_Driver/Src/stm32h7xx_hal_tim_ex.o
                0x0800c7b8                HAL_TIMEx_MasterConfigSynchronization
 .text.HAL_TIMEx_ConfigBreakDeadTime
                0x0800c8d4       0xfc ./Drivers/STM32H7xx_HAL_Driver/Src/stm32h7xx_hal_tim_ex.o
                0x0800c8d4                HAL_TIMEx_ConfigBreakDeadTime
 .text.HAL_TIMEx_CommutCallback
                0x0800c9d0       0x14 ./Drivers/STM32H7xx_HAL_Driver/Src/stm32h7xx_hal_tim_ex.o
                0x0800c9d0                HAL_TIMEx_CommutCallback
 .text.HAL_TIMEx_BreakCallback
                0x0800c9e4       0x14 ./Drivers/STM32H7xx_HAL_Driver/Src/stm32h7xx_hal_tim_ex.o
                0x0800c9e4                HAL_TIMEx_BreakCallback
 .text.HAL_TIMEx_Break2Callback
                0x0800c9f8       0x14 ./Drivers/STM32H7xx_HAL_Driver/Src/stm32h7xx_hal_tim_ex.o
                0x0800c9f8                HAL_TIMEx_Break2Callback
 .text.HAL_UART_Init
                0x0800ca0c       0xa0 ./Drivers/STM32H7xx_HAL_Driver/Src/stm32h7xx_hal_uart.o
                0x0800ca0c                HAL_UART_Init
 .text.HAL_UART_Transmit
                0x0800caac      0x11c ./Drivers/STM32H7xx_HAL_Driver/Src/stm32h7xx_hal_uart.o
                0x0800caac                HAL_UART_Transmit
 .text.HAL_UART_IRQHandler
                0x0800cbc8      0x7ac ./Drivers/STM32H7xx_HAL_Driver/Src/stm32h7xx_hal_uart.o
                0x0800cbc8                HAL_UART_IRQHandler
 .text.HAL_UART_RxCpltCallback
                0x0800d374       0x14 ./Drivers/STM32H7xx_HAL_Driver/Src/stm32h7xx_hal_uart.o
                0x0800d374                HAL_UART_RxCpltCallback
 .text.HAL_UART_RxHalfCpltCallback
                0x0800d388       0x14 ./Drivers/STM32H7xx_HAL_Driver/Src/stm32h7xx_hal_uart.o
                0x0800d388                HAL_UART_RxHalfCpltCallback
 .text.HAL_UART_ErrorCallback
                0x0800d39c       0x14 ./Drivers/STM32H7xx_HAL_Driver/Src/stm32h7xx_hal_uart.o
                0x0800d39c                HAL_UART_ErrorCallback
 .text.UART_SetConfig
                0x0800d3b0      0xad0 ./Drivers/STM32H7xx_HAL_Driver/Src/stm32h7xx_hal_uart.o
                0x0800d3b0                UART_SetConfig
 .text.UART_AdvFeatureConfig
                0x0800de80      0x144 ./Drivers/STM32H7xx_HAL_Driver/Src/stm32h7xx_hal_uart.o
                0x0800de80                UART_AdvFeatureConfig
 .text.UART_CheckIdleState
                0x0800dfc4      0x154 ./Drivers/STM32H7xx_HAL_Driver/Src/stm32h7xx_hal_uart.o
                0x0800dfc4                UART_CheckIdleState
 .text.UART_WaitOnFlagUntilTimeout
                0x0800e118       0xda ./Drivers/STM32H7xx_HAL_Driver/Src/stm32h7xx_hal_uart.o
                0x0800e118                UART_WaitOnFlagUntilTimeout
 *fill*         0x0800e1f2        0x2 
 .text.UART_Start_Receive_DMA
                0x0800e1f4      0x14c ./Drivers/STM32H7xx_HAL_Driver/Src/stm32h7xx_hal_uart.o
                0x0800e1f4                UART_Start_Receive_DMA
 .text.UART_EndTxTransfer
                0x0800e340       0x82 ./Drivers/STM32H7xx_HAL_Driver/Src/stm32h7xx_hal_uart.o
 *fill*         0x0800e3c2        0x2 
 .text.UART_EndRxTransfer
                0x0800e3c4       0xcc ./Drivers/STM32H7xx_HAL_Driver/Src/stm32h7xx_hal_uart.o
 .text.UART_DMAReceiveCplt
                0x0800e490      0x128 ./Drivers/STM32H7xx_HAL_Driver/Src/stm32h7xx_hal_uart.o
 .text.UART_DMARxHalfCplt
                0x0800e5b8       0x3e ./Drivers/STM32H7xx_HAL_Driver/Src/stm32h7xx_hal_uart.o
 .text.UART_DMAError
                0x0800e5f6       0x80 ./Drivers/STM32H7xx_HAL_Driver/Src/stm32h7xx_hal_uart.o
 .text.UART_DMAAbortOnError
                0x0800e676       0x24 ./Drivers/STM32H7xx_HAL_Driver/Src/stm32h7xx_hal_uart.o
 .text.UART_EndTransmit_IT
                0x0800e69a       0x56 ./Drivers/STM32H7xx_HAL_Driver/Src/stm32h7xx_hal_uart.o
 .text.HAL_UARTEx_WakeupCallback
                0x0800e6f0       0x14 ./Drivers/STM32H7xx_HAL_Driver/Src/stm32h7xx_hal_uart_ex.o
                0x0800e6f0                HAL_UARTEx_WakeupCallback
 .text.HAL_UARTEx_RxFifoFullCallback
                0x0800e704       0x14 ./Drivers/STM32H7xx_HAL_Driver/Src/stm32h7xx_hal_uart_ex.o
                0x0800e704                HAL_UARTEx_RxFifoFullCallback
 .text.HAL_UARTEx_TxFifoEmptyCallback
                0x0800e718       0x14 ./Drivers/STM32H7xx_HAL_Driver/Src/stm32h7xx_hal_uart_ex.o
                0x0800e718                HAL_UARTEx_TxFifoEmptyCallback
 .text.HAL_UARTEx_DisableFifoMode
                0x0800e72c       0x72 ./Drivers/STM32H7xx_HAL_Driver/Src/stm32h7xx_hal_uart_ex.o
                0x0800e72c                HAL_UARTEx_DisableFifoMode
 .text.HAL_UARTEx_SetTxFifoThreshold
                0x0800e79e       0x7c ./Drivers/STM32H7xx_HAL_Driver/Src/stm32h7xx_hal_uart_ex.o
                0x0800e79e                HAL_UARTEx_SetTxFifoThreshold
 .text.HAL_UARTEx_SetRxFifoThreshold
                0x0800e81a       0x7c ./Drivers/STM32H7xx_HAL_Driver/Src/stm32h7xx_hal_uart_ex.o
                0x0800e81a                HAL_UARTEx_SetRxFifoThreshold
 .text.HAL_UARTEx_ReceiveToIdle_DMA
                0x0800e896       0xa8 ./Drivers/STM32H7xx_HAL_Driver/Src/stm32h7xx_hal_uart_ex.o
                0x0800e896                HAL_UARTEx_ReceiveToIdle_DMA
 *fill*         0x0800e93e        0x2 
 .text.UARTEx_SetNbDataToProcess
                0x0800e940       0x9c ./Drivers/STM32H7xx_HAL_Driver/Src/stm32h7xx_hal_uart_ex.o
 .text.__NVIC_SetPriority
                0x0800e9dc       0x54 ./Middlewares/Third_Party/FreeRTOS/Source/CMSIS_RTOS_V2/cmsis_os2.o
 .text.SysTick_Handler
                0x0800ea30       0x20 ./Middlewares/Third_Party/FreeRTOS/Source/CMSIS_RTOS_V2/cmsis_os2.o
                0x0800ea30                SysTick_Handler
 .text.SVC_Setup
                0x0800ea50       0x12 ./Middlewares/Third_Party/FreeRTOS/Source/CMSIS_RTOS_V2/cmsis_os2.o
 *fill*         0x0800ea62        0x2 
 .text.osKernelInitialize
                0x0800ea64       0x48 ./Middlewares/Third_Party/FreeRTOS/Source/CMSIS_RTOS_V2/cmsis_os2.o
                0x0800ea64                osKernelInitialize
 .text.osKernelStart
                0x0800eaac       0x4c ./Middlewares/Third_Party/FreeRTOS/Source/CMSIS_RTOS_V2/cmsis_os2.o
                0x0800eaac                osKernelStart
 .text.osThreadNew
                0x0800eaf8      0x124 ./Middlewares/Third_Party/FreeRTOS/Source/CMSIS_RTOS_V2/cmsis_os2.o
                0x0800eaf8                osThreadNew
 .text.osDelay  0x0800ec1c       0x36 ./Middlewares/Third_Party/FreeRTOS/Source/CMSIS_RTOS_V2/cmsis_os2.o
                0x0800ec1c                osDelay
 *fill*         0x0800ec52        0x2 
 .text.vApplicationGetIdleTaskMemory
                0x0800ec54       0x34 ./Middlewares/Third_Party/FreeRTOS/Source/CMSIS_RTOS_V2/cmsis_os2.o
                0x0800ec54                vApplicationGetIdleTaskMemory
 .text.vApplicationGetTimerTaskMemory
                0x0800ec88       0x34 ./Middlewares/Third_Party/FreeRTOS/Source/CMSIS_RTOS_V2/cmsis_os2.o
                0x0800ec88                vApplicationGetTimerTaskMemory
 .text.vListInitialise
                0x0800ecbc       0x40 ./Middlewares/Third_Party/FreeRTOS/Source/list.o
                0x0800ecbc                vListInitialise
 .text.vListInitialiseItem
                0x0800ecfc       0x1a ./Middlewares/Third_Party/FreeRTOS/Source/list.o
                0x0800ecfc                vListInitialiseItem
 .text.vListInsertEnd
                0x0800ed16       0x48 ./Middlewares/Third_Party/FreeRTOS/Source/list.o
                0x0800ed16                vListInsertEnd
 .text.vListInsert
                0x0800ed5e       0x72 ./Middlewares/Third_Party/FreeRTOS/Source/list.o
                0x0800ed5e                vListInsert
 .text.uxListRemove
                0x0800edd0       0x54 ./Middlewares/Third_Party/FreeRTOS/Source/list.o
                0x0800edd0                uxListRemove
 .text.xQueueGenericReset
                0x0800ee24       0xd4 ./Middlewares/Third_Party/FreeRTOS/Source/queue.o
                0x0800ee24                xQueueGenericReset
 .text.xQueueGenericCreateStatic
                0x0800eef8       0xfa ./Middlewares/Third_Party/FreeRTOS/Source/queue.o
                0x0800eef8                xQueueGenericCreateStatic
 .text.prvInitialiseNewQueue
                0x0800eff2       0x46 ./Middlewares/Third_Party/FreeRTOS/Source/queue.o
 .text.xQueueGenericSend
                0x0800f038      0x204 ./Middlewares/Third_Party/FreeRTOS/Source/queue.o
                0x0800f038                xQueueGenericSend
 .text.xQueueGenericSendFromISR
                0x0800f23c      0x13c ./Middlewares/Third_Party/FreeRTOS/Source/queue.o
                0x0800f23c                xQueueGenericSendFromISR
 .text.xQueueReceive
                0x0800f378      0x1c4 ./Middlewares/Third_Party/FreeRTOS/Source/queue.o
                0x0800f378                xQueueReceive
 .text.prvCopyDataToQueue
                0x0800f53c       0xd4 ./Middlewares/Third_Party/FreeRTOS/Source/queue.o
 .text.prvCopyDataFromQueue
                0x0800f610       0x4c ./Middlewares/Third_Party/FreeRTOS/Source/queue.o
 .text.prvUnlockQueue
                0x0800f65c       0xa4 ./Middlewares/Third_Party/FreeRTOS/Source/queue.o
 .text.prvIsQueueEmpty
                0x0800f700       0x2c ./Middlewares/Third_Party/FreeRTOS/Source/queue.o
 .text.prvIsQueueFull
                0x0800f72c       0x30 ./Middlewares/Third_Party/FreeRTOS/Source/queue.o
 .text.vQueueAddToRegistry
                0x0800f75c       0x54 ./Middlewares/Third_Party/FreeRTOS/Source/queue.o
                0x0800f75c                vQueueAddToRegistry
 .text.vQueueWaitForMessageRestricted
                0x0800f7b0       0x68 ./Middlewares/Third_Party/FreeRTOS/Source/queue.o
                0x0800f7b0                vQueueWaitForMessageRestricted
 .text.xTaskCreateStatic
                0x0800f818       0xc0 ./Middlewares/Third_Party/FreeRTOS/Source/tasks.o
                0x0800f818                xTaskCreateStatic
 .text.xTaskCreate
                0x0800f8d8       0x8a ./Middlewares/Third_Party/FreeRTOS/Source/tasks.o
                0x0800f8d8                xTaskCreate
 *fill*         0x0800f962        0x2 
 .text.prvInitialiseNewTask
                0x0800f964      0x150 ./Middlewares/Third_Party/FreeRTOS/Source/tasks.o
 .text.prvAddNewTaskToReadyList
                0x0800fab4       0xe0 ./Middlewares/Third_Party/FreeRTOS/Source/tasks.o
 .text.vTaskDelayUntil
                0x0800fb94      0x100 ./Middlewares/Third_Party/FreeRTOS/Source/tasks.o
                0x0800fb94                vTaskDelayUntil
 .text.vTaskDelay
                0x0800fc94       0x6c ./Middlewares/Third_Party/FreeRTOS/Source/tasks.o
                0x0800fc94                vTaskDelay
 .text.vTaskStartScheduler
                0x0800fd00       0xe0 ./Middlewares/Third_Party/FreeRTOS/Source/tasks.o
                0x0800fd00                vTaskStartScheduler
 .text.vTaskSuspendAll
                0x0800fde0       0x1c ./Middlewares/Third_Party/FreeRTOS/Source/tasks.o
                0x0800fde0                vTaskSuspendAll
 .text.xTaskResumeAll
                0x0800fdfc      0x13c ./Middlewares/Third_Party/FreeRTOS/Source/tasks.o
                0x0800fdfc                xTaskResumeAll
 .text.xTaskGetTickCount
                0x0800ff38       0x20 ./Middlewares/Third_Party/FreeRTOS/Source/tasks.o
                0x0800ff38                xTaskGetTickCount
 .text.xTaskIncrementTick
                0x0800ff58      0x174 ./Middlewares/Third_Party/FreeRTOS/Source/tasks.o
                0x0800ff58                xTaskIncrementTick
 .text.vTaskSwitchContext
                0x080100cc       0xcc ./Middlewares/Third_Party/FreeRTOS/Source/tasks.o
                0x080100cc                vTaskSwitchContext
 .text.vTaskPlaceOnEventList
                0x08010198       0x4c ./Middlewares/Third_Party/FreeRTOS/Source/tasks.o
                0x08010198                vTaskPlaceOnEventList
 .text.vTaskPlaceOnEventListRestricted
                0x080101e4       0x58 ./Middlewares/Third_Party/FreeRTOS/Source/tasks.o
                0x080101e4                vTaskPlaceOnEventListRestricted
 .text.xTaskRemoveFromEventList
                0x0801023c       0xc8 ./Middlewares/Third_Party/FreeRTOS/Source/tasks.o
                0x0801023c                xTaskRemoveFromEventList
 .text.vTaskInternalSetTimeOutState
                0x08010304       0x2c ./Middlewares/Third_Party/FreeRTOS/Source/tasks.o
                0x08010304                vTaskInternalSetTimeOutState
 .text.xTaskCheckForTimeOut
                0x08010330       0xc8 ./Middlewares/Third_Party/FreeRTOS/Source/tasks.o
                0x08010330                xTaskCheckForTimeOut
 .text.vTaskMissedYield
                0x080103f8       0x18 ./Middlewares/Third_Party/FreeRTOS/Source/tasks.o
                0x080103f8                vTaskMissedYield
 .text.prvIdleTask
                0x08010410       0x30 ./Middlewares/Third_Party/FreeRTOS/Source/tasks.o
 .text.prvInitialiseTaskLists
                0x08010440       0x80 ./Middlewares/Third_Party/FreeRTOS/Source/tasks.o
 .text.prvCheckTasksWaitingTermination
                0x080104c0       0x5c ./Middlewares/Third_Party/FreeRTOS/Source/tasks.o
 .text.prvDeleteTCB
                0x0801051c       0x6a ./Middlewares/Third_Party/FreeRTOS/Source/tasks.o
 *fill*         0x08010586        0x2 
 .text.prvResetNextTaskUnblockTime
                0x08010588       0x40 ./Middlewares/Third_Party/FreeRTOS/Source/tasks.o
 .text.xTaskGetSchedulerState
                0x080105c8       0x3c ./Middlewares/Third_Party/FreeRTOS/Source/tasks.o
                0x080105c8                xTaskGetSchedulerState
 .text.xTaskPriorityDisinherit
                0x08010604       0xe0 ./Middlewares/Third_Party/FreeRTOS/Source/tasks.o
                0x08010604                xTaskPriorityDisinherit
 .text.ulTaskNotifyTake
                0x080106e4       0x98 ./Middlewares/Third_Party/FreeRTOS/Source/tasks.o
                0x080106e4                ulTaskNotifyTake
 .text.vTaskNotifyGiveFromISR
                0x0801077c      0x12c ./Middlewares/Third_Party/FreeRTOS/Source/tasks.o
                0x0801077c                vTaskNotifyGiveFromISR
 .text.prvAddCurrentTaskToDelayedList
                0x080108a8       0xa8 ./Middlewares/Third_Party/FreeRTOS/Source/tasks.o
 .text.xTimerCreateTimerTask
                0x08010950       0x94 ./Middlewares/Third_Party/FreeRTOS/Source/timers.o
                0x08010950                xTimerCreateTimerTask
 .text.xTimerGenericCommand
                0x080109e4       0x9c ./Middlewares/Third_Party/FreeRTOS/Source/timers.o
                0x080109e4                xTimerGenericCommand
 .text.prvProcessExpiredTimer
                0x08010a80       0x9c ./Middlewares/Third_Party/FreeRTOS/Source/timers.o
 .text.prvTimerTask
                0x08010b1c       0x26 ./Middlewares/Third_Party/FreeRTOS/Source/timers.o
 *fill*         0x08010b42        0x2 
 .text.prvProcessTimerOrBlockTask
                0x08010b44       0x9c ./Middlewares/Third_Party/FreeRTOS/Source/timers.o
 .text.prvGetNextExpireTime
                0x08010be0       0x48 ./Middlewares/Third_Party/FreeRTOS/Source/timers.o
 .text.prvSampleTimeNow
                0x08010c28       0x40 ./Middlewares/Third_Party/FreeRTOS/Source/timers.o
 .text.prvInsertTimerInActiveList
                0x08010c68       0x84 ./Middlewares/Third_Party/FreeRTOS/Source/timers.o
 .text.prvProcessReceivedCommands
                0x08010cec      0x1cc ./Middlewares/Third_Party/FreeRTOS/Source/timers.o
 .text.prvSwitchTimerLists
                0x08010eb8       0xcc ./Middlewares/Third_Party/FreeRTOS/Source/timers.o
 .text.prvCheckForValidListAndQueue
                0x08010f84       0x80 ./Middlewares/Third_Party/FreeRTOS/Source/timers.o
 .text.pxPortInitialiseStack
                0x08011004       0x68 ./Middlewares/Third_Party/FreeRTOS/Source/portable/GCC/ARM_CM4F/port.o
                0x08011004                pxPortInitialiseStack
 .text.prvTaskExitError
                0x0801106c       0x5c ./Middlewares/Third_Party/FreeRTOS/Source/portable/GCC/ARM_CM4F/port.o
 *fill*         0x080110c8        0x8 
 .text.SVC_Handler
                0x080110d0       0x28 ./Middlewares/Third_Party/FreeRTOS/Source/portable/GCC/ARM_CM4F/port.o
                0x080110d0                SVC_Handler
 .text.prvPortStartFirstTask
                0x080110f8       0x28 ./Middlewares/Third_Party/FreeRTOS/Source/portable/GCC/ARM_CM4F/port.o
 .text.xPortStartScheduler
                0x08011120      0x148 ./Middlewares/Third_Party/FreeRTOS/Source/portable/GCC/ARM_CM4F/port.o
                0x08011120                xPortStartScheduler
 .text.vPortEnterCritical
                0x08011268       0x64 ./Middlewares/Third_Party/FreeRTOS/Source/portable/GCC/ARM_CM4F/port.o
                0x08011268                vPortEnterCritical
 .text.vPortExitCritical
                0x080112cc       0x54 ./Middlewares/Third_Party/FreeRTOS/Source/portable/GCC/ARM_CM4F/port.o
                0x080112cc                vPortExitCritical
 .text.PendSV_Handler
                0x08011320       0x68 ./Middlewares/Third_Party/FreeRTOS/Source/portable/GCC/ARM_CM4F/port.o
                0x08011320                PendSV_Handler
 .text.xPortSysTickHandler
                0x08011388       0x44 ./Middlewares/Third_Party/FreeRTOS/Source/portable/GCC/ARM_CM4F/port.o
                0x08011388                xPortSysTickHandler
 .text.vPortSetupTimerInterrupt
                0x080113cc       0x48 ./Middlewares/Third_Party/FreeRTOS/Source/portable/GCC/ARM_CM4F/port.o
                0x080113cc                vPortSetupTimerInterrupt
 .text.vPortEnableVFP
                0x08011414       0x14 ./Middlewares/Third_Party/FreeRTOS/Source/portable/GCC/ARM_CM4F/port.o
 .text.vPortValidateInterruptPriority
                0x08011428       0x84 ./Middlewares/Third_Party/FreeRTOS/Source/portable/GCC/ARM_CM4F/port.o
                0x08011428                vPortValidateInterruptPriority
 .text.pvPortMalloc
                0x080114ac      0x19c ./Middlewares/Third_Party/FreeRTOS/Source/portable/MemMang/heap_4.o
                0x080114ac                pvPortMalloc
 .text.vPortFree
                0x08011648       0xc8 ./Middlewares/Third_Party/FreeRTOS/Source/portable/MemMang/heap_4.o
                0x08011648                vPortFree
 .text.prvHeapInit
                0x08011710       0xc4 ./Middlewares/Third_Party/FreeRTOS/Source/portable/MemMang/heap_4.o
 .text.prvInsertBlockIntoFreeList
                0x080117d4       0xb4 ./Middlewares/Third_Party/FreeRTOS/Source/portable/MemMang/heap_4.o
 .text.asinf    0x08011888       0x58 C:/ST/STM32CubeIDE_1.13.2/STM32CubeIDE/plugins/com.st.stm32cube.ide.mcu.externaltools.gnu-tools-for-stm32.12.3.rel1.win32_1.1.0.202410251130/tools/bin/../lib/gcc/arm-none-eabi/12.3.1/../../../../arm-none-eabi/lib/thumb/v7e-m+dp/hard\libm.a(libm_a-wf_asin.o)
                0x08011888                asinf
 .text.atan2f   0x080118e0        0x4 C:/ST/STM32CubeIDE_1.13.2/STM32CubeIDE/plugins/com.st.stm32cube.ide.mcu.externaltools.gnu-tools-for-stm32.12.3.rel1.win32_1.1.0.202410251130/tools/bin/../lib/gcc/arm-none-eabi/12.3.1/../../../../arm-none-eabi/lib/thumb/v7e-m+dp/hard\libm.a(libm_a-wf_atan2.o)
                0x080118e0                atan2f
 .text.sqrtf    0x080118e4       0x3c C:/ST/STM32CubeIDE_1.13.2/STM32CubeIDE/plugins/com.st.stm32cube.ide.mcu.externaltools.gnu-tools-for-stm32.12.3.rel1.win32_1.1.0.202410251130/tools/bin/../lib/gcc/arm-none-eabi/12.3.1/../../../../arm-none-eabi/lib/thumb/v7e-m+dp/hard\libm.a(libm_a-wf_sqrt.o)
                0x080118e4                sqrtf
 .text.fabsf    0x08011920        0xe C:/ST/STM32CubeIDE_1.13.2/STM32CubeIDE/plugins/com.st.stm32cube.ide.mcu.externaltools.gnu-tools-for-stm32.12.3.rel1.win32_1.1.0.202410251130/tools/bin/../lib/gcc/arm-none-eabi/12.3.1/../../../../arm-none-eabi/lib/thumb/v7e-m+dp/hard\libm.a(libm_a-sf_fabs.o)
                0x08011920                fabsf
 *fill*         0x0801192e        0x2 
 .text.nanf     0x08011930        0xc C:/ST/STM32CubeIDE_1.13.2/STM32CubeIDE/plugins/com.st.stm32cube.ide.mcu.externaltools.gnu-tools-for-stm32.12.3.rel1.win32_1.1.0.202410251130/tools/bin/../lib/gcc/arm-none-eabi/12.3.1/../../../../arm-none-eabi/lib/thumb/v7e-m+dp/hard\libm.a(libm_a-sf_nan.o)
                0x08011930                nanf
 .text.__ieee754_sqrtf
                0x0801193c        0x6 C:/ST/STM32CubeIDE_1.13.2/STM32CubeIDE/plugins/com.st.stm32cube.ide.mcu.externaltools.gnu-tools-for-stm32.12.3.rel1.win32_1.1.0.202410251130/tools/bin/../lib/gcc/arm-none-eabi/12.3.1/../../../../arm-none-eabi/lib/thumb/v7e-m+dp/hard\libm.a(libm_a-ef_sqrt.o)
                0x0801193c                __ieee754_sqrtf
 *fill*         0x08011942        0x2 
 .text.__ieee754_asinf
                0x08011944      0x1cc C:/ST/STM32CubeIDE_1.13.2/STM32CubeIDE/plugins/com.st.stm32cube.ide.mcu.externaltools.gnu-tools-for-stm32.12.3.rel1.win32_1.1.0.202410251130/tools/bin/../lib/gcc/arm-none-eabi/12.3.1/../../../../arm-none-eabi/lib/thumb/v7e-m+dp/hard\libm.a(libm_a-ef_asin.o)
                0x08011944                __ieee754_asinf
 .text.__ieee754_atan2f
                0x08011b10      0x13c C:/ST/STM32CubeIDE_1.13.2/STM32CubeIDE/plugins/com.st.stm32cube.ide.mcu.externaltools.gnu-tools-for-stm32.12.3.rel1.win32_1.1.0.202410251130/tools/bin/../lib/gcc/arm-none-eabi/12.3.1/../../../../arm-none-eabi/lib/thumb/v7e-m+dp/hard\libm.a(libm_a-ef_atan2.o)
                0x08011b10                __ieee754_atan2f
 .text.atanf    0x08011c4c      0x1a8 C:/ST/STM32CubeIDE_1.13.2/STM32CubeIDE/plugins/com.st.stm32cube.ide.mcu.externaltools.gnu-tools-for-stm32.12.3.rel1.win32_1.1.0.202410251130/tools/bin/../lib/gcc/arm-none-eabi/12.3.1/../../../../arm-none-eabi/lib/thumb/v7e-m+dp/hard\libm.a(libm_a-sf_atan.o)
                0x08011c4c                atanf
 .text.memset   0x08011df4       0x10 C:/ST/STM32CubeIDE_1.13.2/STM32CubeIDE/plugins/com.st.stm32cube.ide.mcu.externaltools.gnu-tools-for-stm32.12.3.rel1.win32_1.1.0.202410251130/tools/bin/../lib/gcc/arm-none-eabi/12.3.1/../../../../arm-none-eabi/lib/thumb/v7e-m+dp/hard\libc_nano.a(libc_a-memset.o)
                0x08011df4                memset
 .text._reclaim_reent
                0x08011e04       0xac C:/ST/STM32CubeIDE_1.13.2/STM32CubeIDE/plugins/com.st.stm32cube.ide.mcu.externaltools.gnu-tools-for-stm32.12.3.rel1.win32_1.1.0.202410251130/tools/bin/../lib/gcc/arm-none-eabi/12.3.1/../../../../arm-none-eabi/lib/thumb/v7e-m+dp/hard\libc_nano.a(libc_a-reent.o)
                0x08011e04                _reclaim_reent
 .text.__errno  0x08011eb0        0xc C:/ST/STM32CubeIDE_1.13.2/STM32CubeIDE/plugins/com.st.stm32cube.ide.mcu.externaltools.gnu-tools-for-stm32.12.3.rel1.win32_1.1.0.202410251130/tools/bin/../lib/gcc/arm-none-eabi/12.3.1/../../../../arm-none-eabi/lib/thumb/v7e-m+dp/hard\libc_nano.a(libc_a-errno.o)
                0x08011eb0                __errno
 .text.__libc_init_array
                0x08011ebc       0x48 C:/ST/STM32CubeIDE_1.13.2/STM32CubeIDE/plugins/com.st.stm32cube.ide.mcu.externaltools.gnu-tools-for-stm32.12.3.rel1.win32_1.1.0.202410251130/tools/bin/../lib/gcc/arm-none-eabi/12.3.1/../../../../arm-none-eabi/lib/thumb/v7e-m+dp/hard\libc_nano.a(libc_a-init.o)
                0x08011ebc                __libc_init_array
 .text.__retarget_lock_acquire_recursive
                0x08011f04        0x2 C:/ST/STM32CubeIDE_1.13.2/STM32CubeIDE/plugins/com.st.stm32cube.ide.mcu.externaltools.gnu-tools-for-stm32.12.3.rel1.win32_1.1.0.202410251130/tools/bin/../lib/gcc/arm-none-eabi/12.3.1/../../../../arm-none-eabi/lib/thumb/v7e-m+dp/hard\libc_nano.a(libc_a-lock.o)
                0x08011f04                __retarget_lock_acquire_recursive
 .text.__retarget_lock_release_recursive
                0x08011f06        0x2 C:/ST/STM32CubeIDE_1.13.2/STM32CubeIDE/plugins/com.st.stm32cube.ide.mcu.externaltools.gnu-tools-for-stm32.12.3.rel1.win32_1.1.0.202410251130/tools/bin/../lib/gcc/arm-none-eabi/12.3.1/../../../../arm-none-eabi/lib/thumb/v7e-m+dp/hard\libc_nano.a(libc_a-lock.o)
                0x08011f06                __retarget_lock_release_recursive
 .text.memcpy   0x08011f08       0x1c C:/ST/STM32CubeIDE_1.13.2/STM32CubeIDE/plugins/com.st.stm32cube.ide.mcu.externaltools.gnu-tools-for-stm32.12.3.rel1.win32_1.1.0.202410251130/tools/bin/../lib/gcc/arm-none-eabi/12.3.1/../../../../arm-none-eabi/lib/thumb/v7e-m+dp/hard\libc_nano.a(libc_a-memcpy-stub.o)
                0x08011f08                memcpy
 .text._free_r  0x08011f24       0x94 C:/ST/STM32CubeIDE_1.13.2/STM32CubeIDE/plugins/com.st.stm32cube.ide.mcu.externaltools.gnu-tools-for-stm32.12.3.rel1.win32_1.1.0.202410251130/tools/bin/../lib/gcc/arm-none-eabi/12.3.1/../../../../arm-none-eabi/lib/thumb/v7e-m+dp/hard\libc_nano.a(libc_a-freer.o)
                0x08011f24                _free_r
 .text.__malloc_lock
                0x08011fb8        0xc C:/ST/STM32CubeIDE_1.13.2/STM32CubeIDE/plugins/com.st.stm32cube.ide.mcu.externaltools.gnu-tools-for-stm32.12.3.rel1.win32_1.1.0.202410251130/tools/bin/../lib/gcc/arm-none-eabi/12.3.1/../../../../arm-none-eabi/lib/thumb/v7e-m+dp/hard\libc_nano.a(libc_a-mlock.o)
                0x08011fb8                __malloc_lock
 .text.__malloc_unlock
                0x08011fc4        0xc C:/ST/STM32CubeIDE_1.13.2/STM32CubeIDE/plugins/com.st.stm32cube.ide.mcu.externaltools.gnu-tools-for-stm32.12.3.rel1.win32_1.1.0.202410251130/tools/bin/../lib/gcc/arm-none-eabi/12.3.1/../../../../arm-none-eabi/lib/thumb/v7e-m+dp/hard\libc_nano.a(libc_a-mlock.o)
                0x08011fc4                __malloc_unlock
 *(.glue_7)
 .glue_7        0x08011fd0        0x0 linker stubs
 *(.glue_7t)
 .glue_7t       0x08011fd0        0x0 linker stubs
 *(.eh_frame)
 .eh_frame      0x08011fd0        0x0 C:/ST/STM32CubeIDE_1.13.2/STM32CubeIDE/plugins/com.st.stm32cube.ide.mcu.externaltools.gnu-tools-for-stm32.12.3.rel1.win32_1.1.0.202410251130/tools/bin/../lib/gcc/arm-none-eabi/12.3.1/thumb/v7e-m+dp/hard/crtbegin.o
 *(.init)
 .init          0x08011fd0        0x4 C:/ST/STM32CubeIDE_1.13.2/STM32CubeIDE/plugins/com.st.stm32cube.ide.mcu.externaltools.gnu-tools-for-stm32.12.3.rel1.win32_1.1.0.202410251130/tools/bin/../lib/gcc/arm-none-eabi/12.3.1/thumb/v7e-m+dp/hard/crti.o
                0x08011fd0                _init
 .init          0x08011fd4        0x8 C:/ST/STM32CubeIDE_1.13.2/STM32CubeIDE/plugins/com.st.stm32cube.ide.mcu.externaltools.gnu-tools-for-stm32.12.3.rel1.win32_1.1.0.202410251130/tools/bin/../lib/gcc/arm-none-eabi/12.3.1/thumb/v7e-m+dp/hard/crtn.o
 *(.fini)
 .fini          0x08011fdc        0x4 C:/ST/STM32CubeIDE_1.13.2/STM32CubeIDE/plugins/com.st.stm32cube.ide.mcu.externaltools.gnu-tools-for-stm32.12.3.rel1.win32_1.1.0.202410251130/tools/bin/../lib/gcc/arm-none-eabi/12.3.1/thumb/v7e-m+dp/hard/crti.o
                0x08011fdc                _fini
 .fini          0x08011fe0        0x8 C:/ST/STM32CubeIDE_1.13.2/STM32CubeIDE/plugins/com.st.stm32cube.ide.mcu.externaltools.gnu-tools-for-stm32.12.3.rel1.win32_1.1.0.202410251130/tools/bin/../lib/gcc/arm-none-eabi/12.3.1/thumb/v7e-m+dp/hard/crtn.o
                0x08011fe8                        . = ALIGN (0x4)
                0x08011fe8                        _etext = .

.vfp11_veneer   0x08011fe8        0x0
 .vfp11_veneer  0x08011fe8        0x0 linker stubs

.v4_bx          0x08011fe8        0x0
 .v4_bx         0x08011fe8        0x0 linker stubs

.iplt           0x08011fe8        0x0
 .iplt          0x08011fe8        0x0 C:/ST/STM32CubeIDE_1.13.2/STM32CubeIDE/plugins/com.st.stm32cube.ide.mcu.externaltools.gnu-tools-for-stm32.12.3.rel1.win32_1.1.0.202410251130/tools/bin/../lib/gcc/arm-none-eabi/12.3.1/thumb/v7e-m+dp/hard/crtbegin.o

.rodata         0x08011fe8      0x1f0
                0x08011fe8                        . = ALIGN (0x4)
 *(.rodata)
 .rodata        0x08011fe8       0x5d ./Core/Src/freertos.o
 *fill*         0x08012045        0x3 
 .rodata        0x08012048        0x5 ./Middlewares/Third_Party/FreeRTOS/Source/tasks.o
 *fill*         0x0801204d        0x3 
 .rodata        0x08012050        0xd ./Middlewares/Third_Party/FreeRTOS/Source/timers.o
 *(.rodata*)
 *fill*         0x0801205d        0x3 
 .rodata.IMUTask_attributes
                0x08012060       0x24 ./Core/Src/freertos.o
                0x08012060                IMUTask_attributes
 .rodata.BaroTask_attributes
                0x08012084       0x24 ./Core/Src/freertos.o
                0x08012084                BaroTask_attributes
 .rodata.KalmanTask_attributes
                0x080120a8       0x24 ./Core/Src/freertos.o
                0x080120a8                KalmanTask_attributes
 .rodata.CSRFTask_attributes
                0x080120cc       0x24 ./Core/Src/freertos.o
                0x080120cc                CSRFTask_attributes
 .rodata.TelemetryTask_attributes
                0x080120f0       0x24 ./Core/Src/freertos.o
                0x080120f0                TelemetryTask_attributes
 .rodata.servoTask_attributes
                0x08012114       0x24 ./Core/Src/freertos.o
                0x08012114                servoTask_attributes
 .rodata.StatusLedTask_attributes
                0x08012138       0x24 ./Core/Src/freertos.o
                0x08012138                StatusLedTask_attributes
 .rodata.D1CorePrescTable
                0x0801215c       0x10 ./Core/Src/system_stm32h7xx.o
                0x0801215c                D1CorePrescTable
 .rodata.flagBitshiftOffset.0
                0x0801216c        0x8 ./Drivers/STM32H7xx_HAL_Driver/Src/stm32h7xx_hal_dma.o
 .rodata.UARTPrescTable
                0x08012174       0x18 ./Drivers/STM32H7xx_HAL_Driver/Src/stm32h7xx_hal_uart.o
                0x08012174                UARTPrescTable
 .rodata.numerator.1
                0x0801218c        0x8 ./Drivers/STM32H7xx_HAL_Driver/Src/stm32h7xx_hal_uart_ex.o
 .rodata.denominator.0
                0x08012194        0x8 ./Drivers/STM32H7xx_HAL_Driver/Src/stm32h7xx_hal_uart_ex.o
 .rodata.asinf.str1.1
                0x0801219c        0x1 C:/ST/STM32CubeIDE_1.13.2/STM32CubeIDE/plugins/com.st.stm32cube.ide.mcu.externaltools.gnu-tools-for-stm32.12.3.rel1.win32_1.1.0.202410251130/tools/bin/../lib/gcc/arm-none-eabi/12.3.1/../../../../arm-none-eabi/lib/thumb/v7e-m+dp/hard\libm.a(libm_a-wf_asin.o)
 *fill*         0x0801219d        0x3 
 .rodata.CSWTCH.9
                0x080121a0        0xc C:/ST/STM32CubeIDE_1.13.2/STM32CubeIDE/plugins/com.st.stm32cube.ide.mcu.externaltools.gnu-tools-for-stm32.12.3.rel1.win32_1.1.0.202410251130/tools/bin/../lib/gcc/arm-none-eabi/12.3.1/../../../../arm-none-eabi/lib/thumb/v7e-m+dp/hard\libm.a(libm_a-ef_atan2.o)
 .rodata.CSWTCH.8
                0x080121ac        0xc C:/ST/STM32CubeIDE_1.13.2/STM32CubeIDE/plugins/com.st.stm32cube.ide.mcu.externaltools.gnu-tools-for-stm32.12.3.rel1.win32_1.1.0.202410251130/tools/bin/../lib/gcc/arm-none-eabi/12.3.1/../../../../arm-none-eabi/lib/thumb/v7e-m+dp/hard\libm.a(libm_a-ef_atan2.o)
 .rodata.atanlo
                0x080121b8       0x10 C:/ST/STM32CubeIDE_1.13.2/STM32CubeIDE/plugins/com.st.stm32cube.ide.mcu.externaltools.gnu-tools-for-stm32.12.3.rel1.win32_1.1.0.202410251130/tools/bin/../lib/gcc/arm-none-eabi/12.3.1/../../../../arm-none-eabi/lib/thumb/v7e-m+dp/hard\libm.a(libm_a-sf_atan.o)
 .rodata.atanhi
                0x080121c8       0x10 C:/ST/STM32CubeIDE_1.13.2/STM32CubeIDE/plugins/com.st.stm32cube.ide.mcu.externaltools.gnu-tools-for-stm32.12.3.rel1.win32_1.1.0.202410251130/tools/bin/../lib/gcc/arm-none-eabi/12.3.1/../../../../arm-none-eabi/lib/thumb/v7e-m+dp/hard\libm.a(libm_a-sf_atan.o)
                0x080121d8                        . = ALIGN (0x4)

.ARM.extab
 *(.ARM.extab* .gnu.linkonce.armextab.*)

.ARM            0x080121d8        0x8
                0x080121d8                        __exidx_start = .
 *(.ARM.exidx*)
 .ARM.exidx     0x080121d8        0x8 C:/ST/STM32CubeIDE_1.13.2/STM32CubeIDE/plugins/com.st.stm32cube.ide.mcu.externaltools.gnu-tools-for-stm32.12.3.rel1.win32_1.1.0.202410251130/tools/bin/../lib/gcc/arm-none-eabi/12.3.1/thumb/v7e-m+dp/hard\libgcc.a(_udivmoddi4.o)
                0x080121e0                        __exidx_end = .

.preinit_array  0x080121e0        0x0
                0x080121e0                        PROVIDE (__preinit_array_start = .)
 *(.preinit_array*)
                0x080121e0                        PROVIDE (__preinit_array_end = .)

.init_array     0x080121e0        0x4
                0x080121e0                        PROVIDE (__init_array_start = .)
 *(SORT_BY_NAME(.init_array.*))
 *(.init_array*)
 .init_array    0x080121e0        0x4 C:/ST/STM32CubeIDE_1.13.2/STM32CubeIDE/plugins/com.st.stm32cube.ide.mcu.externaltools.gnu-tools-for-stm32.12.3.rel1.win32_1.1.0.202410251130/tools/bin/../lib/gcc/arm-none-eabi/12.3.1/thumb/v7e-m+dp/hard/crtbegin.o
                0x080121e4                        PROVIDE (__init_array_end = .)

.fini_array     0x080121e4        0x4
                [!provide]                        PROVIDE (__fini_array_start = .)
 *(SORT_BY_NAME(.fini_array.*))
 *(.fini_array*)
 .fini_array    0x080121e4        0x4 C:/ST/STM32CubeIDE_1.13.2/STM32CubeIDE/plugins/com.st.stm32cube.ide.mcu.externaltools.gnu-tools-for-stm32.12.3.rel1.win32_1.1.0.202410251130/tools/bin/../lib/gcc/arm-none-eabi/12.3.1/thumb/v7e-m+dp/hard/crtbegin.o
                [!provide]                        PROVIDE (__fini_array_end = .)
                0x080121e8                        _sidata = LOADADDR (.data)

.rel.dyn        0x080121e8        0x0
 .rel.iplt      0x080121e8        0x0 C:/ST/STM32CubeIDE_1.13.2/STM32CubeIDE/plugins/com.st.stm32cube.ide.mcu.externaltools.gnu-tools-for-stm32.12.3.rel1.win32_1.1.0.202410251130/tools/bin/../lib/gcc/arm-none-eabi/12.3.1/thumb/v7e-m+dp/hard/crtbegin.o

.data           0x24000000       0xd0 load address 0x080121e8
                0x24000000                        . = ALIGN (0x4)
                0x24000000                        _sdata = .
 *(.data)
 *(.data*)
 .data.batteryData
                0x24000000        0xc ./Core/Src/main.o
                0x24000000                batteryData
 .data.pwm_channels
                0x2400000c       0x60 ./Core/Src/pwm.o
 .data.SystemCoreClock
                0x2400006c        0x4 ./Core/Src/system_stm32h7xx.o
                0x2400006c                SystemCoreClock
 .data.SystemD2Clock
                0x24000070        0x4 ./Core/Src/system_stm32h7xx.o
                0x24000070                SystemD2Clock
 .data.uwTickPrio
                0x24000074        0x4 ./Drivers/STM32H7xx_HAL_Driver/Src/stm32h7xx_hal.o
                0x24000074                uwTickPrio
 .data.uwTickFreq
                0x24000078        0x1 ./Drivers/STM32H7xx_HAL_Driver/Src/stm32h7xx_hal.o
                0x24000078                uwTickFreq
 *fill*         0x24000079        0x3 
 .data.uxCriticalNesting
                0x2400007c        0x4 ./Middlewares/Third_Party/FreeRTOS/Source/portable/GCC/ARM_CM4F/port.o
 .data._impure_ptr
                0x24000080        0x4 C:/ST/STM32CubeIDE_1.13.2/STM32CubeIDE/plugins/com.st.stm32cube.ide.mcu.externaltools.gnu-tools-for-stm32.12.3.rel1.win32_1.1.0.202410251130/tools/bin/../lib/gcc/arm-none-eabi/12.3.1/../../../../arm-none-eabi/lib/thumb/v7e-m+dp/hard\libc_nano.a(libc_a-impure.o)
                0x24000080                _impure_ptr
 .data._impure_data
                0x24000084       0x4c C:/ST/STM32CubeIDE_1.13.2/STM32CubeIDE/plugins/com.st.stm32cube.ide.mcu.externaltools.gnu-tools-for-stm32.12.3.rel1.win32_1.1.0.202410251130/tools/bin/../lib/gcc/arm-none-eabi/12.3.1/../../../../arm-none-eabi/lib/thumb/v7e-m+dp/hard\libc_nano.a(libc_a-impure.o)
                0x24000084                _impure_data
 *(.RamFunc)
 *(.RamFunc*)
                0x240000d0                        . = ALIGN (0x4)
                0x240000d0                        _edata = .

.igot.plt       0x240000d0        0x0 load address 0x080122b8
 .igot.plt      0x240000d0        0x0 C:/ST/STM32CubeIDE_1.13.2/STM32CubeIDE/plugins/com.st.stm32cube.ide.mcu.externaltools.gnu-tools-for-stm32.12.3.rel1.win32_1.1.0.202410251130/tools/bin/../lib/gcc/arm-none-eabi/12.3.1/thumb/v7e-m+dp/hard/crtbegin.o
                0x240000d0                        . = ALIGN (0x4)

.bss            0x240000d0     0x524c load address 0x080122b8
                0x240000d0                        _sbss = .
                0x240000d0                        __bss_start__ = _sbss
 *(.bss)
 .bss           0x240000d0       0x1c C:/ST/STM32CubeIDE_1.13.2/STM32CubeIDE/plugins/com.st.stm32cube.ide.mcu.externaltools.gnu-tools-for-stm32.12.3.rel1.win32_1.1.0.202410251130/tools/bin/../lib/gcc/arm-none-eabi/12.3.1/thumb/v7e-m+dp/hard/crtbegin.o
 *(.bss*)
 .bss.dmaRxBuf  0x240000ec       0x40 ./Core/Src/crsf.o
                0x240000ec                dmaRxBuf
 .bss.frameBuf  0x2400012c       0x40 ./Core/Src/crsf.o
                0x2400012c                frameBuf
 .bss.frameLength
                0x2400016c        0x2 ./Core/Src/crsf.o
                0x2400016c                frameLength
 *fill*         0x2400016e        0x2 
 .bss.rcChannels
                0x24000170       0x20 ./Core/Src/crsf.o
                0x24000170                rcChannels
 .bss.ahrs      0x24000190       0x64 ./Core/Src/freertos.o
                0x24000190                ahrs
 .bss.accel_x_g
                0x240001f4        0x4 ./Core/Src/freertos.o
                0x240001f4                accel_x_g
 .bss.accel_y_g
                0x240001f8        0x4 ./Core/Src/freertos.o
                0x240001f8                accel_y_g
 .bss.accel_z_g
                0x240001fc        0x4 ./Core/Src/freertos.o
                0x240001fc                accel_z_g
 .bss.gyro_x_dps
                0x24000200        0x4 ./Core/Src/freertos.o
                0x24000200                gyro_x_dps
 .bss.gyro_y_dps
                0x24000204        0x4 ./Core/Src/freertos.o
                0x24000204                gyro_y_dps
 .bss.gyro_z_dps
                0x24000208        0x4 ./Core/Src/freertos.o
                0x24000208                gyro_z_dps
 .bss.gyro_x_rad
                0x2400020c        0x4 ./Core/Src/freertos.o
                0x2400020c                gyro_x_rad
 .bss.gyro_y_rad
                0x24000210        0x4 ./Core/Src/freertos.o
                0x24000210                gyro_y_rad
 .bss.gyro_z_rad
                0x24000214        0x4 ./Core/Src/freertos.o
                0x24000214                gyro_z_rad
 .bss.accMag    0x24000218        0x4 ./Core/Src/freertos.o
                0x24000218                accMag
 .bss.IMUTaskHandle
                0x2400021c        0x4 ./Core/Src/freertos.o
                0x2400021c                IMUTaskHandle
 .bss.BaroTaskHandle
                0x24000220        0x4 ./Core/Src/freertos.o
                0x24000220                BaroTaskHandle
 .bss.KalmanTaskHandle
                0x24000224        0x4 ./Core/Src/freertos.o
                0x24000224                KalmanTaskHandle
 .bss.CSRFTaskHandle
                0x24000228        0x4 ./Core/Src/freertos.o
                0x24000228                CSRFTaskHandle
 .bss.TelemetryTaskHandle
                0x2400022c        0x4 ./Core/Src/freertos.o
                0x2400022c                TelemetryTaskHandle
 .bss.servoTaskHandle
                0x24000230        0x4 ./Core/Src/freertos.o
                0x24000230                servoTaskHandle
 .bss.StatusLedTaskHandle
                0x24000234        0x4 ./Core/Src/freertos.o
                0x24000234                StatusLedTaskHandle
 .bss.hi2c2     0x24000238       0x54 ./Core/Src/i2c.o
                0x24000238                hi2c2
 .bss.sensorData
                0x2400028c        0xe ./Core/Src/icm42688.o
                0x2400028c                sensorData
 *fill*         0x2400029a        0x2 
 .bss.hImu      0x2400029c        0xc ./Core/Src/main.o
                0x2400029c                hImu
 .bss.dps310    0x240002a8       0x30 ./Core/Src/main.o
                0x240002a8                dps310
 .bss.hspi4     0x240002d8       0x88 ./Core/Src/spi.o
                0x240002d8                hspi4
 .bss.htim6     0x24000360       0x4c ./Core/Src/stm32h7xx_hal_timebase_tim.o
                0x24000360                htim6
 .bss.htim2     0x240003ac       0x4c ./Core/Src/tim.o
                0x240003ac                htim2
 .bss.htim3     0x240003f8       0x4c ./Core/Src/tim.o
                0x240003f8                htim3
 .bss.htim4     0x24000444       0x4c ./Core/Src/tim.o
                0x24000444                htim4
 .bss.htim14    0x24000490       0x4c ./Core/Src/tim.o
                0x24000490                htim14
 .bss.htim15    0x240004dc       0x4c ./Core/Src/tim.o
                0x240004dc                htim15
 .bss.huart4    0x24000528       0x94 ./Core/Src/usart.o
                0x24000528                huart4
 .bss.huart1    0x240005bc       0x94 ./Core/Src/usart.o
                0x240005bc                huart1
 .bss.huart2    0x24000650       0x94 ./Core/Src/usart.o
                0x24000650                huart2
 .bss.huart6    0x240006e4       0x94 ./Core/Src/usart.o
                0x240006e4                huart6
 .bss.hdma_usart6_rx
                0x24000778       0x78 ./Core/Src/usart.o
                0x24000778                hdma_usart6_rx
 .bss.uwTick    0x240007f0        0x4 ./Drivers/STM32H7xx_HAL_Driver/Src/stm32h7xx_hal.o
                0x240007f0                uwTick
 .bss.KernelState
                0x240007f4        0x4 ./Middlewares/Third_Party/FreeRTOS/Source/CMSIS_RTOS_V2/cmsis_os2.o
 .bss.Idle_TCB.3
                0x240007f8       0xa8 ./Middlewares/Third_Party/FreeRTOS/Source/CMSIS_RTOS_V2/cmsis_os2.o
 .bss.Idle_Stack.2
                0x240008a0      0x200 ./Middlewares/Third_Party/FreeRTOS/Source/CMSIS_RTOS_V2/cmsis_os2.o
 .bss.Timer_TCB.1
                0x24000aa0       0xa8 ./Middlewares/Third_Party/FreeRTOS/Source/CMSIS_RTOS_V2/cmsis_os2.o
 .bss.Timer_Stack.0
                0x24000b48      0x400 ./Middlewares/Third_Party/FreeRTOS/Source/CMSIS_RTOS_V2/cmsis_os2.o
 .bss.xQueueRegistry
                0x24000f48       0x40 ./Middlewares/Third_Party/FreeRTOS/Source/queue.o
                0x24000f48                xQueueRegistry
 .bss.pxCurrentTCB
                0x24000f88        0x4 ./Middlewares/Third_Party/FreeRTOS/Source/tasks.o
                0x24000f88                pxCurrentTCB
 .bss.pxReadyTasksLists
                0x24000f8c      0x460 ./Middlewares/Third_Party/FreeRTOS/Source/tasks.o
 .bss.xDelayedTaskList1
                0x240013ec       0x14 ./Middlewares/Third_Party/FreeRTOS/Source/tasks.o
 .bss.xDelayedTaskList2
                0x24001400       0x14 ./Middlewares/Third_Party/FreeRTOS/Source/tasks.o
 .bss.pxDelayedTaskList
                0x24001414        0x4 ./Middlewares/Third_Party/FreeRTOS/Source/tasks.o
 .bss.pxOverflowDelayedTaskList
                0x24001418        0x4 ./Middlewares/Third_Party/FreeRTOS/Source/tasks.o
 .bss.xPendingReadyList
                0x2400141c       0x14 ./Middlewares/Third_Party/FreeRTOS/Source/tasks.o
 .bss.xTasksWaitingTermination
                0x24001430       0x14 ./Middlewares/Third_Party/FreeRTOS/Source/tasks.o
 .bss.uxDeletedTasksWaitingCleanUp
                0x24001444        0x4 ./Middlewares/Third_Party/FreeRTOS/Source/tasks.o
 .bss.xSuspendedTaskList
                0x24001448       0x14 ./Middlewares/Third_Party/FreeRTOS/Source/tasks.o
 .bss.uxCurrentNumberOfTasks
                0x2400145c        0x4 ./Middlewares/Third_Party/FreeRTOS/Source/tasks.o
 .bss.xTickCount
                0x24001460        0x4 ./Middlewares/Third_Party/FreeRTOS/Source/tasks.o
 .bss.uxTopReadyPriority
                0x24001464        0x4 ./Middlewares/Third_Party/FreeRTOS/Source/tasks.o
 .bss.xSchedulerRunning
                0x24001468        0x4 ./Middlewares/Third_Party/FreeRTOS/Source/tasks.o
 .bss.xPendedTicks
                0x2400146c        0x4 ./Middlewares/Third_Party/FreeRTOS/Source/tasks.o
 .bss.xYieldPending
                0x24001470        0x4 ./Middlewares/Third_Party/FreeRTOS/Source/tasks.o
 .bss.xNumOfOverflows
                0x24001474        0x4 ./Middlewares/Third_Party/FreeRTOS/Source/tasks.o
 .bss.uxTaskNumber
                0x24001478        0x4 ./Middlewares/Third_Party/FreeRTOS/Source/tasks.o
 .bss.xNextTaskUnblockTime
                0x2400147c        0x4 ./Middlewares/Third_Party/FreeRTOS/Source/tasks.o
 .bss.xIdleTaskHandle
                0x24001480        0x4 ./Middlewares/Third_Party/FreeRTOS/Source/tasks.o
 .bss.uxSchedulerSuspended
                0x24001484        0x4 ./Middlewares/Third_Party/FreeRTOS/Source/tasks.o
 .bss.xActiveTimerList1
                0x24001488       0x14 ./Middlewares/Third_Party/FreeRTOS/Source/timers.o
 .bss.xActiveTimerList2
                0x2400149c       0x14 ./Middlewares/Third_Party/FreeRTOS/Source/timers.o
 .bss.pxCurrentTimerList
                0x240014b0        0x4 ./Middlewares/Third_Party/FreeRTOS/Source/timers.o
 .bss.pxOverflowTimerList
                0x240014b4        0x4 ./Middlewares/Third_Party/FreeRTOS/Source/timers.o
 .bss.xTimerQueue
                0x240014b8        0x4 ./Middlewares/Third_Party/FreeRTOS/Source/timers.o
 .bss.xTimerTaskHandle
                0x240014bc        0x4 ./Middlewares/Third_Party/FreeRTOS/Source/timers.o
 .bss.xLastTime.2
                0x240014c0        0x4 ./Middlewares/Third_Party/FreeRTOS/Source/timers.o
 .bss.ucStaticTimerQueueStorage.1
                0x240014c4       0xa0 ./Middlewares/Third_Party/FreeRTOS/Source/timers.o
 .bss.xStaticTimerQueue.0
                0x24001564       0x50 ./Middlewares/Third_Party/FreeRTOS/Source/timers.o
 .bss.ucMaxSysCallPriority
                0x240015b4        0x1 ./Middlewares/Third_Party/FreeRTOS/Source/portable/GCC/ARM_CM4F/port.o
 *fill*         0x240015b5        0x3 
 .bss.ulMaxPRIGROUPValue
                0x240015b8        0x4 ./Middlewares/Third_Party/FreeRTOS/Source/portable/GCC/ARM_CM4F/port.o
 .bss.ucHeap    0x240015bc     0x3c00 ./Middlewares/Third_Party/FreeRTOS/Source/portable/MemMang/heap_4.o
 .bss.xStart    0x240051bc        0x8 ./Middlewares/Third_Party/FreeRTOS/Source/portable/MemMang/heap_4.o
 .bss.pxEnd     0x240051c4        0x4 ./Middlewares/Third_Party/FreeRTOS/Source/portable/MemMang/heap_4.o
 .bss.xFreeBytesRemaining
                0x240051c8        0x4 ./Middlewares/Third_Party/FreeRTOS/Source/portable/MemMang/heap_4.o
 .bss.xMinimumEverFreeBytesRemaining
                0x240051cc        0x4 ./Middlewares/Third_Party/FreeRTOS/Source/portable/MemMang/heap_4.o
 .bss.xNumberOfSuccessfulAllocations
                0x240051d0        0x4 ./Middlewares/Third_Party/FreeRTOS/Source/portable/MemMang/heap_4.o
 .bss.xNumberOfSuccessfulFrees
                0x240051d4        0x4 ./Middlewares/Third_Party/FreeRTOS/Source/portable/MemMang/heap_4.o
 .bss.xBlockAllocatedBit
                0x240051d8        0x4 ./Middlewares/Third_Party/FreeRTOS/Source/portable/MemMang/heap_4.o
 .bss.__sf      0x240051dc      0x138 C:/ST/STM32CubeIDE_1.13.2/STM32CubeIDE/plugins/com.st.stm32cube.ide.mcu.externaltools.gnu-tools-for-stm32.12.3.rel1.win32_1.1.0.202410251130/tools/bin/../lib/gcc/arm-none-eabi/12.3.1/../../../../arm-none-eabi/lib/thumb/v7e-m+dp/hard\libc_nano.a(libc_a-findfp.o)
                0x240051dc                __sf
 .bss.__lock___malloc_recursive_mutex
                0x24005314        0x1 C:/ST/STM32CubeIDE_1.13.2/STM32CubeIDE/plugins/com.st.stm32cube.ide.mcu.externaltools.gnu-tools-for-stm32.12.3.rel1.win32_1.1.0.202410251130/tools/bin/../lib/gcc/arm-none-eabi/12.3.1/../../../../arm-none-eabi/lib/thumb/v7e-m+dp/hard\libc_nano.a(libc_a-lock.o)
                0x24005314                __lock___malloc_recursive_mutex
 *fill*         0x24005315        0x3 
 .bss.__malloc_free_list
                0x24005318        0x4 C:/ST/STM32CubeIDE_1.13.2/STM32CubeIDE/plugins/com.st.stm32cube.ide.mcu.externaltools.gnu-tools-for-stm32.12.3.rel1.win32_1.1.0.202410251130/tools/bin/../lib/gcc/arm-none-eabi/12.3.1/../../../../arm-none-eabi/lib/thumb/v7e-m+dp/hard\libc_nano.a(libc_a-mallocr.o)
                0x24005318                __malloc_free_list
 *(COMMON)
                0x2400531c                        . = ALIGN (0x4)
                0x2400531c                        _ebss = .
                0x2400531c                        __bss_end__ = _ebss

._user_heap_stack
                0x2400531c      0x604 load address 0x080122b8
                0x24005320                        . = ALIGN (0x8)
 *fill*         0x2400531c        0x4 
                [!provide]                        PROVIDE (end = .)
                0x24005320                        PROVIDE (_end = .)
                0x24005520                        . = (. + _Min_Heap_Size)
 *fill*         0x24005320      0x200 
                0x24005920                        . = (. + _Min_Stack_Size)
 *fill*         0x24005520      0x400 
                0x24005920                        . = ALIGN (0x8)

/DISCARD/
 libc.a(*)
 libm.a(*)
 libgcc.a(*)

.ARM.attributes
                0x00000000       0x2e
 *(.ARM.attributes)
 .ARM.attributes
                0x00000000       0x20 C:/ST/STM32CubeIDE_1.13.2/STM32CubeIDE/plugins/com.st.stm32cube.ide.mcu.externaltools.gnu-tools-for-stm32.12.3.rel1.win32_1.1.0.202410251130/tools/bin/../lib/gcc/arm-none-eabi/12.3.1/thumb/v7e-m+dp/hard/crti.o
 .ARM.attributes
                0x00000020       0x32 C:/ST/STM32CubeIDE_1.13.2/STM32CubeIDE/plugins/com.st.stm32cube.ide.mcu.externaltools.gnu-tools-for-stm32.12.3.rel1.win32_1.1.0.202410251130/tools/bin/../lib/gcc/arm-none-eabi/12.3.1/thumb/v7e-m+dp/hard/crtbegin.o
 .ARM.attributes
                0x00000052       0x32 ./Core/Src/ahrs.o
 .ARM.attributes
                0x00000084       0x32 ./Core/Src/crsf.o
 .ARM.attributes
                0x000000b6       0x32 ./Core/Src/dma.o
 .ARM.attributes
                0x000000e8       0x32 ./Core/Src/dps310.o
 .ARM.attributes
                0x0000011a       0x32 ./Core/Src/freertos.o
 .ARM.attributes
                0x0000014c       0x32 ./Core/Src/gpio.o
 .ARM.attributes
                0x0000017e       0x32 ./Core/Src/i2c.o
 .ARM.attributes
                0x000001b0       0x32 ./Core/Src/icm42688.o
 .ARM.attributes
                0x000001e2       0x32 ./Core/Src/main.o
 .ARM.attributes
                0x00000214       0x32 ./Core/Src/pwm.o
 .ARM.attributes
                0x00000246       0x32 ./Core/Src/spi.o
 .ARM.attributes
                0x00000278       0x32 ./Core/Src/stm32h7xx_hal_msp.o
 .ARM.attributes
                0x000002aa       0x32 ./Core/Src/stm32h7xx_hal_timebase_tim.o
 .ARM.attributes
                0x000002dc       0x32 ./Core/Src/stm32h7xx_it.o
 .ARM.attributes
                0x0000030e       0x32 ./Core/Src/system_stm32h7xx.o
 .ARM.attributes
                0x00000340       0x32 ./Core/Src/tim.o
 .ARM.attributes
                0x00000372       0x32 ./Core/Src/usart.o
 .ARM.attributes
                0x000003a4       0x21 ./Core/Startup/startup_stm32h743vitx.o
 .ARM.attributes
                0x000003c5       0x32 ./Drivers/STM32H7xx_HAL_Driver/Src/stm32h7xx_hal.o
 .ARM.attributes
                0x000003f7       0x32 ./Drivers/STM32H7xx_HAL_Driver/Src/stm32h7xx_hal_cortex.o
 .ARM.attributes
                0x00000429       0x32 ./Drivers/STM32H7xx_HAL_Driver/Src/stm32h7xx_hal_dma.o
 .ARM.attributes
                0x0000045b       0x32 ./Drivers/STM32H7xx_HAL_Driver/Src/stm32h7xx_hal_gpio.o
 .ARM.attributes
                0x0000048d       0x32 ./Drivers/STM32H7xx_HAL_Driver/Src/stm32h7xx_hal_i2c.o
 .ARM.attributes
                0x000004bf       0x32 ./Drivers/STM32H7xx_HAL_Driver/Src/stm32h7xx_hal_i2c_ex.o
 .ARM.attributes